../Core/Src/main.c:129:10:ADC_ReadChannel	40	static
../Core/Src/main.c:155:5:main	8	static
../Core/Src/main.c:267:6:SystemClock_Config	88	static
../Core/Src/main.c:314:13:MX_ADC1_Init	24	static
../Core/Src/main.c:366:13:MX_I2C1_Init	8	static
../Core/Src/main.c:400:13:MX_GPIO_Init	24	static
../Core/Src/main.c:428:6:StartIgnitionTask	16	static
../Core/Src/main.c:480:6:StartEcuTask	16	static
../Core/Src/main.c:503:6:StartSensorTask	16	static
../Core/Src/main.c:549:6:StartDisplayTask	24	static
../Core/Src/main.c:581:6:StartLedTask	24	static
../Core/Src/main.c:616:6:StartUartTask	384	static
../Core/Src/main.c:751:6:Error_Handler	4	static,ignoring_inline_asm
