Archive member included to satisfy reference by file (symbol)

C:/ST/STM32CubeIDE_1.18.1/STM32CubeIDE/plugins/com.st.stm32cube.ide.mcu.externaltools.gnu-tools-for-stm32.13.3.rel1.win32_1.0.0.202411081344/tools/bin/../lib/gcc/arm-none-eabi/13.3.1/../../../../arm-none-eabi/lib/thumb/v7e-m+fp/hard\libc_nano.a(libc_a-exit.o)
                              C:/ST/STM32CubeIDE_1.18.1/STM32CubeIDE/plugins/com.st.stm32cube.ide.mcu.externaltools.gnu-tools-for-stm32.13.3.rel1.win32_1.0.0.202411081344/tools/bin/../lib/gcc/arm-none-eabi/13.3.1/../../../../arm-none-eabi/lib/thumb/v7e-m+fp/hard/crt0.o (exit)
C:/ST/STM32CubeIDE_1.18.1/STM32CubeIDE/plugins/com.st.stm32cube.ide.mcu.externaltools.gnu-tools-for-stm32.13.3.rel1.win32_1.0.0.202411081344/tools/bin/../lib/gcc/arm-none-eabi/13.3.1/../../../../arm-none-eabi/lib/thumb/v7e-m+fp/hard\libc_nano.a(libc_a-nano-vfprintf_float.o)
                              (_printf_float)
C:/ST/STM32CubeIDE_1.18.1/STM32CubeIDE/plugins/com.st.stm32cube.ide.mcu.externaltools.gnu-tools-for-stm32.13.3.rel1.win32_1.0.0.202411081344/tools/bin/../lib/gcc/arm-none-eabi/13.3.1/../../../../arm-none-eabi/lib/thumb/v7e-m+fp/hard\libc_nano.a(libc_a-nano-vfprintf_i.o)
                              C:/ST/STM32CubeIDE_1.18.1/STM32CubeIDE/plugins/com.st.stm32cube.ide.mcu.externaltools.gnu-tools-for-stm32.13.3.rel1.win32_1.0.0.202411081344/tools/bin/../lib/gcc/arm-none-eabi/13.3.1/../../../../arm-none-eabi/lib/thumb/v7e-m+fp/hard\libc_nano.a(libc_a-nano-vfprintf_float.o) (_printf_common)
C:/ST/STM32CubeIDE_1.18.1/STM32CubeIDE/plugins/com.st.stm32cube.ide.mcu.externaltools.gnu-tools-for-stm32.13.3.rel1.win32_1.0.0.202411081344/tools/bin/../lib/gcc/arm-none-eabi/13.3.1/../../../../arm-none-eabi/lib/thumb/v7e-m+fp/hard\libc_nano.a(libc_a-nano-vfscanf_float.o)
                              (_scanf_float)
C:/ST/STM32CubeIDE_1.18.1/STM32CubeIDE/plugins/com.st.stm32cube.ide.mcu.externaltools.gnu-tools-for-stm32.13.3.rel1.win32_1.0.0.202411081344/tools/bin/../lib/gcc/arm-none-eabi/13.3.1/../../../../arm-none-eabi/lib/thumb/v7e-m+fp/hard\libc_nano.a(libc_a-findfp.o)
                              C:/ST/STM32CubeIDE_1.18.1/STM32CubeIDE/plugins/com.st.stm32cube.ide.mcu.externaltools.gnu-tools-for-stm32.13.3.rel1.win32_1.0.0.202411081344/tools/bin/../lib/gcc/arm-none-eabi/13.3.1/../../../../arm-none-eabi/lib/thumb/v7e-m+fp/hard\libc_nano.a(libc_a-exit.o) (__stdio_exit_handler)
C:/ST/STM32CubeIDE_1.18.1/STM32CubeIDE/plugins/com.st.stm32cube.ide.mcu.externaltools.gnu-tools-for-stm32.13.3.rel1.win32_1.0.0.202411081344/tools/bin/../lib/gcc/arm-none-eabi/13.3.1/../../../../arm-none-eabi/lib/thumb/v7e-m+fp/hard\libc_nano.a(libc_a-fwalk.o)
                              C:/ST/STM32CubeIDE_1.18.1/STM32CubeIDE/plugins/com.st.stm32cube.ide.mcu.externaltools.gnu-tools-for-stm32.13.3.rel1.win32_1.0.0.202411081344/tools/bin/../lib/gcc/arm-none-eabi/13.3.1/../../../../arm-none-eabi/lib/thumb/v7e-m+fp/hard\libc_nano.a(libc_a-findfp.o) (_fwalk_sglue)
C:/ST/STM32CubeIDE_1.18.1/STM32CubeIDE/plugins/com.st.stm32cube.ide.mcu.externaltools.gnu-tools-for-stm32.13.3.rel1.win32_1.0.0.202411081344/tools/bin/../lib/gcc/arm-none-eabi/13.3.1/../../../../arm-none-eabi/lib/thumb/v7e-m+fp/hard\libc_nano.a(libc_a-sprintf.o)
                              ./Core/Src/main.o (sprintf)
C:/ST/STM32CubeIDE_1.18.1/STM32CubeIDE/plugins/com.st.stm32cube.ide.mcu.externaltools.gnu-tools-for-stm32.13.3.rel1.win32_1.0.0.202411081344/tools/bin/../lib/gcc/arm-none-eabi/13.3.1/../../../../arm-none-eabi/lib/thumb/v7e-m+fp/hard\libc_nano.a(libc_a-stdio.o)
                              C:/ST/STM32CubeIDE_1.18.1/STM32CubeIDE/plugins/com.st.stm32cube.ide.mcu.externaltools.gnu-tools-for-stm32.13.3.rel1.win32_1.0.0.202411081344/tools/bin/../lib/gcc/arm-none-eabi/13.3.1/../../../../arm-none-eabi/lib/thumb/v7e-m+fp/hard\libc_nano.a(libc_a-findfp.o) (__sread)
C:/ST/STM32CubeIDE_1.18.1/STM32CubeIDE/plugins/com.st.stm32cube.ide.mcu.externaltools.gnu-tools-for-stm32.13.3.rel1.win32_1.0.0.202411081344/tools/bin/../lib/gcc/arm-none-eabi/13.3.1/../../../../arm-none-eabi/lib/thumb/v7e-m+fp/hard\libc_nano.a(libc_a-memset.o)
                              C:/ST/STM32CubeIDE_1.18.1/STM32CubeIDE/plugins/com.st.stm32cube.ide.mcu.externaltools.gnu-tools-for-stm32.13.3.rel1.win32_1.0.0.202411081344/tools/bin/../lib/gcc/arm-none-eabi/13.3.1/../../../../arm-none-eabi/lib/thumb/v7e-m+fp/hard/crt0.o (memset)
C:/ST/STM32CubeIDE_1.18.1/STM32CubeIDE/plugins/com.st.stm32cube.ide.mcu.externaltools.gnu-tools-for-stm32.13.3.rel1.win32_1.0.0.202411081344/tools/bin/../lib/gcc/arm-none-eabi/13.3.1/../../../../arm-none-eabi/lib/thumb/v7e-m+fp/hard\libc_nano.a(libc_a-localeconv.o)
[...]
Memory Configuration

Name             Origin             Length             Attributes
RAM              0x20000000         0x00020000         xrw
FLASH            0x08000000         0x00080000         xr
*default*        0x00000000         0xffffffff

Linker script and memory map

LOAD C:/ST/STM32CubeIDE_1.18.1/STM32CubeIDE/plugins/com.st.stm32cube.ide.mcu.externaltools.gnu-tools-for-stm32.13.3.rel1.win32_1.0.0.202411081344/tools/bin/../lib/gcc/arm-none-eabi/13.3.1/thumb/v7e-m+fp/hard/crti.o
LOAD C:/ST/STM32CubeIDE_1.18.1/STM32CubeIDE/plugins/com.st.stm32cube.ide.mcu.externaltools.gnu-tools-for-stm32.13.3.rel1.win32_1.0.0.202411081344/tools/bin/../lib/gcc/arm-none-eabi/13.3.1/thumb/v7e-m+fp/hard/crtbegin.o
LOAD C:/ST/STM32CubeIDE_1.18.1/STM32CubeIDE/plugins/com.st.stm32cube.ide.mcu.externaltools.gnu-tools-for-stm32.13.3.rel1.win32_1.0.0.202411081344/tools/bin/../lib/gcc/arm-none-eabi/13.3.1/../../../../arm-none-eabi/lib/thumb/v7e-m+fp/hard/crt0.o
LOAD ./Core/Src/freertos.o
LOAD ./Core/Src/main.o
LOAD ./Core/Src/stm32f4xx_hal_msp.o
LOAD ./Core/Src/stm32f4xx_it.o
LOAD ./Core/Src/syscalls.o
LOAD ./Core/Src/sysmem.o
LOAD ./Core/Src/system_stm32f4xx.o
LOAD ./Core/Startup/startup_stm32f411retx.o
LOAD ./Drivers/DISPLAY/display.o
LOAD ./Drivers/ECU/ecu.o
LOAD ./Drivers/GPIO/gpio.o
LOAD ./Drivers/IGNITION/ignition.o
LOAD ./Drivers/LED/led.o
LOAD ./Drivers/STM32F4xx_HAL_Driver/Src/stm32f4xx_hal.o
LOAD ./Drivers/STM32F4xx_HAL_Driver/Src/stm32f4xx_hal_adc.o
LOAD ./Drivers/STM32F4xx_HAL_Driver/Src/stm32f4xx_hal_adc_ex.o
LOAD ./Drivers/STM32F4xx_HAL_Driver/Src/stm32f4xx_hal_cortex.o
LOAD ./Drivers/STM32F4xx_HAL_Driver/Src/stm32f4xx_hal_dma.o
LOAD ./Drivers/STM32F4xx_HAL_Driver/Src/stm32f4xx_hal_dma_ex.o
LOAD ./Drivers/STM32F4xx_HAL_Driver/Src/stm32f4xx_hal_exti.o
LOAD ./Drivers/STM32F4xx_HAL_Driver/Src/stm32f4xx_hal_flash.o
LOAD ./Drivers/STM32F4xx_HAL_Driver/Src/stm32f4xx_hal_flash_ex.o
LOAD ./Drivers/STM32F4xx_HAL_Driver/Src/stm32f4xx_hal_flash_ramfunc.o
LOAD ./Drivers/STM32F4xx_HAL_Driver/Src/stm32f4xx_hal_gpio.o
LOAD ./Drivers/STM32F4xx_HAL_Driver/Src/stm32f4xx_hal_i2c.o
LOAD ./Drivers/STM32F4xx_HAL_Driver/Src/stm32f4xx_hal_i2c_ex.o
LOAD ./Drivers/STM32F4xx_HAL_Driver/Src/stm32f4xx_hal_pwr.o
LOAD ./Drivers/STM32F4xx_HAL_Driver/Src/stm32f4xx_hal_pwr_ex.o
LOAD ./Drivers/STM32F4xx_HAL_Driver/Src/stm32f4xx_hal_rcc.o
LOAD ./Drivers/STM32F4xx_HAL_Driver/Src/stm32f4xx_hal_rcc_ex.o
LOAD ./Drivers/STM32F4xx_HAL_Driver/Src/stm32f4xx_ll_adc.o
LOAD ./Drivers/UART/uart.o
LOAD ./Drivers/VEHICLE/vehicle.o
LOAD ./Drivers/ssd1306/fonts.o
LOAD ./Drivers/ssd1306/ssd1306.o
LOAD ./Drivers/ssd1306/test.o
LOAD ./Middlewares/Third_Party/FreeRTOS/Source/CMSIS_RTOS_V2/cmsis_os2.o
LOAD ./Middlewares/Third_Party/FreeRTOS/Source/croutine.o
LOAD ./Middlewares/Third_Party/FreeRTOS/Source/event_groups.o
LOAD ./Middlewares/Third_Party/FreeRTOS/Source/list.o
LOAD ./Middlewares/Third_Party/FreeRTOS/Source/queue.o
LOAD ./Middlewares/Third_Party/FreeRTOS/Source/stream_buffer.o
LOAD ./Middlewares/Third_Party/FreeRTOS/Source/tasks.o
LOAD ./Middlewares/Third_Party/FreeRTOS/Source/timers.o
LOAD ./Middlewares/Third_Party/FreeRTOS/Source/portable/GCC/ARM_CM4F/port.o
LOAD ./Middlewares/Third_Party/FreeRTOS/Source/portable/MemMang/heap_4.o
START GROUP
LOAD C:/ST/STM32CubeIDE_1.18.1/STM32CubeIDE/plugins/com.st.stm32cube.ide.mcu.externaltools.gnu-tools-for-stm32.13.3.rel1.win32_1.0.0.202411081344/tools/bin/../lib/gcc/arm-none-eabi/13.3.1/../../../../arm-none-eabi/lib/thumb/v7e-m+fp/hard\libc_nano.a
LOAD C:/ST/STM32CubeIDE_1.18.1/STM32CubeIDE/plugins/com.st.stm32cube.ide.mcu.externaltools.gnu-tools-for-stm32.13.3.rel1.win32_1.0.0.202411081344/tools/bin/../lib/gcc/arm-none-eabi/13.3.1/../../../../arm-none-eabi/lib/thumb/v7e-m+fp/hard\libm.a
END GROUP
START GROUP
LOAD C:/ST/STM32CubeIDE_1.18.1/STM32CubeIDE/plugins/com.st.stm32cube.ide.mcu.externaltools.gnu-tools-for-stm32.13.3.rel1.win32_1.0.0.202411081344/tools/bin/../lib/gcc/arm-none-eabi/13.3.1/thumb/v7e-m+fp/hard\libgcc.a
LOAD C:/ST/STM32CubeIDE_1.18.1/STM32CubeIDE/plugins/com.st.stm32cube.ide.mcu.externaltools.gnu-tools-for-stm32.13.3.rel1.win32_1.0.0.202411081344/tools/bin/../lib/gcc/arm-none-eabi/13.3.1/../../../../arm-none-eabi/lib/thumb/v7e-m+fp/hard\libc_nano.a
END GROUP
START GROUP
LOAD C:/ST/STM32CubeIDE_1.18.1/STM32CubeIDE/plugins/com.st.stm32cube.ide.mcu.externaltools.gnu-tools-for-stm32.13.3.rel1.win32_1.0.0.202411081344/tools/bin/../lib/gcc/arm-none-eabi/13.3.1/thumb/v7e-m+fp/hard\libgcc.a
LOAD C:/ST/STM32CubeIDE_1.18.1/STM32CubeIDE/plugins/com.st.stm32cube.ide.mcu.externaltools.gnu-tools-for-stm32.13.3.rel1.win32_1.0.0.202411081344/tools/bin/../lib/gcc/arm-none-eabi/13.3.1/../../../../arm-none-eabi/lib/thumb/v7e-m+fp/hard\libc_nano.a
LOAD C:/ST/STM32CubeIDE_1.18.1/STM32CubeIDE/plugins/com.st.stm32cube.ide.mcu.externaltools.gnu-tools-for-stm32.13.3.rel1.win32_1.0.0.202411081344/tools/bin/../lib/gcc/arm-none-eabi/13.3.1/../../../../arm-none-eabi/lib/thumb/v7e-m+fp/hard\libnosys.a
END GROUP
START GROUP
LOAD C:/ST/STM32CubeIDE_1.18.1/STM32CubeIDE/plugins/com.st.stm32cube.ide.mcu.externaltools.gnu-tools-for-stm32.13.3.rel1.win32_1.0.0.202411081344/tools/bin/../lib/gcc/arm-none-eabi/13.3.1/thumb/v7e-m+fp/hard\libgcc.a
LOAD C:/ST/STM32CubeIDE_1.18.1/STM32CubeIDE/plugins/com.st.stm32cube.ide.mcu.externaltools.gnu-tools-for-stm32.13.3.rel1.win32_1.0.0.202411081344/tools/bin/../lib/gcc/arm-none-eabi/13.3.1/../../../../arm-none-eabi/lib/thumb/v7e-m+fp/hard\libc_nano.a
LOAD C:/ST/STM32CubeIDE_1.18.1/STM32CubeIDE/plugins/com.st.stm32cube.ide.mcu.externaltools.gnu-tools-for-stm32.13.3.rel1.win32_1.0.0.202411081344/tools/bin/../lib/gcc/arm-none-eabi/13.3.1/../../../../arm-none-eabi/lib/thumb/v7e-m+fp/hard\libnosys.a
END GROUP
LOAD C:/ST/STM32CubeIDE_1.18.1/STM32CubeIDE/plugins/com.st.stm32cube.ide.mcu.externaltools.gnu-tools-for-stm32.13.3.rel1.win32_1.0.0.202411081344/tools/bin/../lib/gcc/arm-none-eabi/13.3.1/thumb/v7e-m+fp/hard/crtend.o
LOAD C:/ST/STM32CubeIDE_1.18.1/STM32CubeIDE/plugins/com.st.stm32cube.ide.mcu.externaltools.gnu-tools-for-stm32.13.3.rel1.win32_1.0.0.202411081344/tools/bin/../lib/gcc/arm-none-eabi/13.3.1/thumb/v7e-m+fp/hard/crtn.o
                0x20020000                        _estack = (ORIGIN (RAM) + LENGTH (RAM))
                0x00000200                        _Min_Heap_Size = 0x200
                0x00000400                        _Min_Stack_Size = 0x400

.isr_vector     0x08000000      0x198
                0x08000000                        . = ALIGN (0x4)
 *(.isr_vector)
 .isr_vector    0x08000000      0x198 ./Core/Startup/startup_stm32f411retx.o
                0x08000000                g_pfnVectors
                0x08000198                        . = ALIGN (0x4)

.text           0x080001a0     0xc0ac
                0x080001a0                        . = ALIGN (0x4)
 *(.text)
 .text          0x080001a0       0x40 C:/ST/STM32CubeIDE_1.18.1/STM32CubeIDE/plugins/com.st.stm32cube.ide.mcu.externaltools.gnu-tools-for-stm32.13.3.rel1.win32_1.0.0.202411081344/tools/bin/../lib/gcc/arm-none-eabi/13.3.1/thumb/v7e-m+fp/hard/crtbegin.o
 .text          0x080001e0       0xa0 C:/ST/STM32CubeIDE_1.18.1/STM32CubeIDE/plugins/com.st.stm32cube.ide.mcu.externaltools.gnu-tools-for-stm32.13.3.rel1.win32_1.0.0.202411081344/tools/bin/../lib/gcc/arm-none-eabi/13.3.1/../../../../arm-none-eabi/lib/thumb/v7e-m+fp/hard\libc_nano.a(libc_a-memchr.o)
                0x080001e0                memchr
 .text          0x08000280       0x10 C:/ST/STM32CubeIDE_1.18.1/STM32CubeIDE/plugins/com.st.stm32cube.ide.mcu.externaltools.gnu-tools-for-stm32.13.3.rel1.win32_1.0.0.202411081344/tools/bin/../lib/gcc/arm-none-eabi/13.3.1/../../../../arm-none-eabi/lib/thumb/v7e-m+fp/hard\libc_nano.a(libc_a-strlen.o)
                0x08000280                strlen
 .text          0x08000290      0x378 C:/ST/STM32CubeIDE_1.18.1/STM32CubeIDE/plugins/com.st.stm32cube.ide.mcu.externaltools.gnu-tools-for-stm32.13.3.rel1.win32_1.0.0.202411081344/tools/bin/../lib/gcc/arm-none-eabi/13.3.1/thumb/v7e-m+fp/hard\libgcc.a(_arm_addsubdf3.o)
                0x08000290                __aeabi_drsub
                0x08000298                __aeabi_dsub
                0x08000298                __subdf3
                0x0800029c                __aeabi_dadd
                0x0800029c                __adddf3
                0x08000514                __floatunsidf
                0x08000514                __aeabi_ui2d
                0x08000534                __floatsidf
                0x08000534                __aeabi_i2d
                0x08000558                __aeabi_f2d
                0x08000558                __extendsfdf2
                0x0800059c                __floatundidf
                0x0800059c                __aeabi_ul2d
                0x080005ac                __floatdidf
                0x080005ac                __aeabi_l2d
 .text          0x08000608      0x424 C:/ST/STM32CubeIDE_1.18.1/STM32CubeIDE/plugins/com.st.stm32cube.ide.mcu.externaltools.gnu-tools-for-stm32.13.3.rel1.win32_1.0.0.202411081344/tools/bin/../lib/gcc/arm-none-eabi/13.3.1/thumb/v7e-m+fp/hard\libgcc.a(_arm_muldivdf3.o)
                0x08000608                __aeabi_dmul
                0x08000608                __muldf3
                0x0800085c                __divdf3
                0x0800085c                __aeabi_ddiv
 .text          0x08000a2c      0x110 C:/ST/STM32CubeIDE_1.18.1/STM32CubeIDE/plugins/com.st.stm32cube.ide.mcu.externaltools.gnu-tools-for-stm32.13.3.rel1.win32_1.0.0.202411081344/tools/bin/../lib/gcc/arm-none-eabi/13.3.1/thumb/v7e-m+fp/hard\libgcc.a(_arm_cmpdf2.o)
                0x08000a2c                __gtdf2
                0x08000a2c                __gedf2
                0x08000a34                __ltdf2
                0x08000a34                __ledf2
                0x08000a3c                __nedf2
                0x08000a3c                __eqdf2
                0x08000a3c                __cmpdf2
                0x08000ab8                __aeabi_cdrcmple
                0x08000ac8                __aeabi_cdcmpeq
                0x08000ac8                __aeabi_cdcmple
                0x08000ad8                __aeabi_dcmpeq
                0x08000aec                __aeabi_dcmplt
                0x08000b00                __aeabi_dcmple
                0x08000b14                __aeabi_dcmpge
                0x08000b28                __aeabi_dcmpgt
 .text          0x08000b3c       0x2c C:/ST/STM32CubeIDE_1.18.1/STM32CubeIDE/plugins/com.st.stm32cube.ide.mcu.externaltools.gnu-tools-for-stm32.13.3.rel1.win32_1.0.0.202411081344/tools/bin/../lib/gcc/arm-none-eabi/13.3.1/thumb/v7e-m+fp/hard\libgcc.a(_arm_unorddf2.o)
                0x08000b3c                __unorddf2
                0x08000b3c                __aeabi_dcmpun
 .text          0x08000b68       0x50 C:/ST/STM32CubeIDE_1.18.1/STM32CubeIDE/plugins/com.st.stm32cube.ide.mcu.externaltools.gnu-tools-for-stm32.13.3.rel1.win32_1.0.0.202411081344/tools/bin/../lib/gcc/arm-none-eabi/13.3.1/thumb/v7e-m+fp/hard\libgcc.a(_arm_fixdfsi.o)
                0x08000b68                __aeabi_d2iz
                0x08000b68                __fixdfsi
 .text          0x08000bb8       0x40 C:/ST/STM32CubeIDE_1.18.1/STM32CubeIDE/plugins/com.st.stm32cube.ide.mcu.externaltools.gnu-tools-for-stm32.13.3.rel1.win32_1.0.0.202411081344/tools/bin/../lib/gcc/arm-none-eabi/13.3.1/thumb/v7e-m+fp/hard\libgcc.a(_arm_fixunsdfsi.o)
                0x08000bb8                __aeabi_d2uiz
                0x08000bb8                __fixunsdfsi
 .text          0x08000bf8       0xa0 C:/ST/STM32CubeIDE_1.18.1/STM32CubeIDE/plugins/com.st.stm32cube.ide.mcu.externaltools.gnu-tools-for-stm32.13.3.rel1.win32_1.0.0.202411081344/tools/bin/../lib/gcc/arm-none-eabi/13.3.1/thumb/v7e-m+fp/hard\libgcc.a(_arm_truncdfsf2.o)
                0x08000bf8                __truncdfsf2
                0x08000bf8                __aeabi_d2f
 .text          0x08000c98       0x30 C:/ST/STM32CubeIDE_1.18.1/STM32CubeIDE/plugins/com.st.stm32cube.ide.mcu.externaltools.gnu-tools-for-stm32.13.3.rel1.win32_1.0.0.202411081344/tools/bin/../lib/gcc/arm-none-eabi/13.3.1/thumb/v7e-m+fp/hard\libgcc.a(_aeabi_uldivmod.o)
                0x08000c98                __aeabi_uldivmod
 .text          0x08000cc8       0x30 C:/ST/STM32CubeIDE_1.18.1/STM32CubeIDE/plugins/com.st.stm32cube.ide.mcu.externaltools.gnu-tools-for-stm32.13.3.rel1.win32_1.0.0.202411081344/tools/bin/../lib/gcc/arm-none-eabi/13.3.1/thumb/v7e-m+fp/hard\libgcc.a(_fixdfdi.o)
                0x08000cc8                __fixdfdi
                0x08000cc8                __aeabi_d2lz
 .text          0x08000cf8       0x3c C:/ST/STM32CubeIDE_1.18.1/STM32CubeIDE/plugins/com.st.stm32cube.ide.mcu.externaltools.gnu-tools-for-stm32.13.3.rel1.win32_1.0.0.202411081344/tools/bin/../lib/gcc/arm-none-eabi/13.3.1/thumb/v7e-m+fp/hard\libgcc.a(_fixunsdfdi.o)
                0x08000cf8                __fixunsdfdi
                0x08000cf8                __aeabi_d2ulz
 .text          0x08000d34      0x2f8 C:/ST/STM32CubeIDE_1.18.1/STM32CubeIDE/plugins/com.st.stm32cube.ide.mcu.externaltools.gnu-tools-for-stm32.13.3.rel1.win32_1.0.0.202411081344/tools/bin/../lib/gcc/arm-none-eabi/13.3.1/thumb/v7e-m+fp/hard\libgcc.a(_udivmoddi4.o)
                0x08000d34                __udivmoddi4
 .text          0x0800102c        0x4 C:/ST/STM32CubeIDE_1.18.1/STM32CubeIDE/plugins/com.st.stm32cube.ide.mcu.externaltools.gnu-tools-for-stm32.13.3.rel1.win32_1.0.0.202411081344/tools/bin/../lib/gcc/arm-none-eabi/13.3.1/thumb/v7e-m+fp/hard\libgcc.a(_dvmd_tls.o)
                0x0800102c                __aeabi_idiv0
                0x0800102c                __aeabi_ldiv0
 *(.text*)
 .text.ADC_ReadChannel
                0x08001030       0x5c ./Core/Src/main.o
                0x08001030                ADC_ReadChannel
 .text.main     0x0800108c       0xf0 ./Core/Src/main.o
                0x0800108c                main
 .text.SystemClock_Config
                0x0800117c       0xd4 ./Core/Src/main.o
                0x0800117c                SystemClock_Config
 .text.MX_ADC1_Init
                0x08001250       0xa4 ./Core/Src/main.o
 .text.MX_I2C1_Init
                0x080012f4       0x5c ./Core/Src/main.o
 .text.MX_GPIO_Init
                0x08001350       0x88 ./Core/Src/main.o
 .text.StartIgnitionTask
                0x080013d8       0x9c ./Core/Src/main.o
                0x080013d8                StartIgnitionTask
 .text.StartEcuTask
                0x08001474       0x1e ./Core/Src/main.o
                0x08001474                StartEcuTask
 *fill*         0x08001492        0x2 
 .text.StartSensorTask
                0x08001494       0x8c ./Core/Src/main.o
                0x08001494                StartSensorTask
 .text.StartDisplayTask
                0x08001520       0x44 ./Core/Src/main.o
                0x08001520                StartDisplayTask
 .text.StartLedTask
                0x08001564       0x3c ./Core/Src/main.o
                0x08001564                StartLedTask
 .text.StartUartTask
                0x080015a0      0x318 ./Core/Src/main.o
                0x080015a0                StartUartTask
 .text.Error_Handler
                0x080018b8        0xc ./Core/Src/main.o
                0x080018b8                Error_Handler
 .text.HAL_MspInit
                0x080018c4       0x58 ./Core/Src/stm32f4xx_hal_msp.o
                0x080018c4                HAL_MspInit
 .text.HAL_ADC_MspInit
                0x0800191c       0xc0 ./Core/Src/stm32f4xx_hal_msp.o
                0x0800191c                HAL_ADC_MspInit
 .text.HAL_I2C_MspInit
                0x080019dc       0x90 ./Core/Src/stm32f4xx_hal_msp.o
                0x080019dc                HAL_I2C_MspInit
 .text.NMI_Handler
                0x08001a6c        0x8 ./Core/Src/stm32f4xx_it.o
                0x08001a6c                NMI_Handler
 .text.HardFault_Handler
                0x08001a74        0x8 ./Core/Src/stm32f4xx_it.o
                0x08001a74                HardFault_Handler
 .text.MemManage_Handler
                0x08001a7c        0x8 ./Core/Src/stm32f4xx_it.o
                0x08001a7c                MemManage_Handler
 .text.BusFault_Handler
                0x08001a84        0x8 ./Core/Src/stm32f4xx_it.o
                0x08001a84                BusFault_Handler
 .text.UsageFault_Handler
                0x08001a8c        0x8 ./Core/Src/stm32f4xx_it.o
                0x08001a8c                UsageFault_Handler
 .text.DebugMon_Handler
                0x08001a94        0xe ./Core/Src/stm32f4xx_it.o
                0x08001a94                DebugMon_Handler
 .text.SysTick_Handler
                0x08001aa2       0x1a ./Core/Src/stm32f4xx_it.o
                0x08001aa2                SysTick_Handler
 .text._getpid  0x08001abc       0x10 ./Core/Src/syscalls.o
                0x08001abc                _getpid
 .text._kill    0x08001acc       0x20 ./Core/Src/syscalls.o
                0x08001acc                _kill
 .text._exit    0x08001aec       0x16 ./Core/Src/syscalls.o
                0x08001aec                _exit
 .text._read    0x08001b02       0x3a ./Core/Src/syscalls.o
                0x08001b02                _read
 .text._write   0x08001b3c       0x38 ./Core/Src/syscalls.o
                0x08001b3c                _write
 .text._close   0x08001b74       0x18 ./Core/Src/syscalls.o
                0x08001b74                _close
 .text._fstat   0x08001b8c       0x20 ./Core/Src/syscalls.o
                0x08001b8c                _fstat
 .text._isatty  0x08001bac       0x16 ./Core/Src/syscalls.o
                0x08001bac                _isatty
 .text._lseek   0x08001bc2       0x1a ./Core/Src/syscalls.o
                0x08001bc2                _lseek
 .text._sbrk    0x08001bdc       0x6c ./Core/Src/sysmem.o
                0x08001bdc                _sbrk
 .text.SystemInit
                0x08001c48       0x24 ./Core/Src/system_stm32f4xx.o
                0x08001c48                SystemInit
 .text.Reset_Handler
                0x08001c6c       0x50 ./Core/Startup/startup_stm32f411retx.o
                0x08001c6c                Reset_Handler
 .text.Default_Handler
                0x08001cbc        0x2 ./Core/Startup/startup_stm32f411retx.o
                0x08001cbc                RTC_Alarm_IRQHandler
                0x08001cbc                EXTI2_IRQHandler
                0x08001cbc                SPI4_IRQHandler
                0x08001cbc                TIM1_CC_IRQHandler
                0x08001cbc                DMA2_Stream5_IRQHandler
                0x08001cbc                DMA1_Stream5_IRQHandler
                0x08001cbc                PVD_IRQHandler
                0x08001cbc                SDIO_IRQHandler
                0x08001cbc                TAMP_STAMP_IRQHandler
                0x08001cbc                EXTI3_IRQHandler
                0x08001cbc                TIM1_UP_TIM10_IRQHandler
                0x08001cbc                I2C3_ER_IRQHandler
                0x08001cbc                EXTI0_IRQHandler
                0x08001cbc                I2C2_EV_IRQHandler
                0x08001cbc                DMA1_Stream2_IRQHandler
                0x08001cbc                FPU_IRQHandler
                0x08001cbc                DMA2_Stream2_IRQHandler
                0x08001cbc                SPI1_IRQHandler
                0x08001cbc                TIM1_BRK_TIM9_IRQHandler
                0x08001cbc                DMA2_Stream3_IRQHandler
                0x08001cbc                USART6_IRQHandler
                0x08001cbc                DMA2_Stream0_IRQHandler
                0x08001cbc                TIM4_IRQHandler
                0x08001cbc                I2C1_EV_IRQHandler
                0x08001cbc                DMA1_Stream6_IRQHandler
                0x08001cbc                DMA1_Stream1_IRQHandler
                0x08001cbc                TIM3_IRQHandler
                0x08001cbc                RCC_IRQHandler
                0x08001cbc                Default_Handler
                0x08001cbc                EXTI15_10_IRQHandler
                0x08001cbc                ADC_IRQHandler
                0x08001cbc                DMA1_Stream7_IRQHandler
                0x08001cbc                SPI5_IRQHandler
                0x08001cbc                TIM5_IRQHandler
                0x08001cbc                DMA2_Stream7_IRQHandler
                0x08001cbc                I2C3_EV_IRQHandler
                0x08001cbc                EXTI9_5_IRQHandler
                0x08001cbc                RTC_WKUP_IRQHandler
                0x08001cbc                SPI2_IRQHandler
                0x08001cbc                DMA1_Stream0_IRQHandler
                0x08001cbc                EXTI4_IRQHandler
                0x08001cbc                WWDG_IRQHandler
                0x08001cbc                TIM2_IRQHandler
                0x08001cbc                OTG_FS_WKUP_IRQHandler
                0x08001cbc                TIM1_TRG_COM_TIM11_IRQHandler
                0x08001cbc                EXTI1_IRQHandler
                0x08001cbc                USART2_IRQHandler
                0x08001cbc                I2C2_ER_IRQHandler
                0x08001cbc                DMA2_Stream1_IRQHandler
                0x08001cbc                FLASH_IRQHandler
                0x08001cbc                DMA2_Stream4_IRQHandler
                0x08001cbc                USART1_IRQHandler
                0x08001cbc                OTG_FS_IRQHandler
                0x08001cbc                SPI3_IRQHandler
                0x08001cbc                DMA1_Stream4_IRQHandler
                0x08001cbc                I2C1_ER_IRQHandler
                0x08001cbc                DMA2_Stream6_IRQHandler
                0x08001cbc                DMA1_Stream3_IRQHandler
 *fill*         0x08001cbe        0x2 
 .text.Display_Update
                0x08001cc0      0x2f0 ./Drivers/DISPLAY/display.o
                0x08001cc0                Display_Update
 .text.Display_IgnitionOff
                0x08001fb0       0x2c ./Drivers/DISPLAY/display.o
                0x08001fb0                Display_IgnitionOff
 .text.Display_IgnitionOn
                0x08001fdc       0x2c ./Drivers/DISPLAY/display.o
                0x08001fdc                Display_IgnitionOn
 .text.ECU_GetFaultStatus
                0x08002008       0x38 ./Drivers/ECU/ecu.o
                0x08002008                ECU_GetFaultStatus
 .text.ECU_CheckFaults
                0x08002040       0x74 ./Drivers/ECU/ecu.o
                0x08002040                ECU_CheckFaults
 .text.GPIO_EnableClock
                0x080020b4       0x3c ./Drivers/GPIO/gpio.o
                0x080020b4                GPIO_EnableClock
 .text.GPIO_Init
                0x080020f0      0x178 ./Drivers/GPIO/gpio.o
                0x080020f0                GPIO_Init
 .text.GPIO_WritePin
                0x08002268       0x5c ./Drivers/GPIO/gpio.o
                0x08002268                GPIO_WritePin
 .text.GPIO_ReadPin
                0x080022c4       0x58 ./Drivers/GPIO/gpio.o
                0x080022c4                GPIO_ReadPin
 .text.Ignition_Init
                0x0800231c       0x18 ./Drivers/IGNITION/ignition.o
                0x0800231c                Ignition_Init
 .text.Ignition_Update
                0x08002334       0x4c ./Drivers/IGNITION/ignition.o
                0x08002334                Ignition_Update
 .text.Ignition_GetState
                0x08002380       0x18 ./Drivers/IGNITION/ignition.o
                0x08002380                Ignition_GetState
 .text.LED_Init
                0x08002398       0x52 ./Drivers/LED/led.o
                0x08002398                LED_Init
 .text.BUTTON_Init
                0x080023ea       0x36 ./Drivers/LED/led.o
                0x080023ea                BUTTON_Init
 .text.LED_SetColor
                0x08002420       0xe4 ./Drivers/LED/led.o
                0x08002420                LED_SetColor
 .text.LED_Update
                0x08002504       0x74 ./Drivers/LED/led.o
                0x08002504                LED_Update
 .text.HAL_Init
                0x08002578       0x44 ./Drivers/STM32F4xx_HAL_Driver/Src/stm32f4xx_hal.o
                0x08002578                HAL_Init
 .text.HAL_InitTick
                0x080025bc       0x60 ./Drivers/STM32F4xx_HAL_Driver/Src/stm32f4xx_hal.o
                0x080025bc                HAL_InitTick
 .text.HAL_IncTick
                0x0800261c       0x28 ./Drivers/STM32F4xx_HAL_Driver/Src/stm32f4xx_hal.o
                0x0800261c                HAL_IncTick
 .text.HAL_GetTick
                0x08002644       0x18 ./Drivers/STM32F4xx_HAL_Driver/Src/stm32f4xx_hal.o
                0x08002644                HAL_GetTick
 .text.HAL_ADC_Init
                0x0800265c       0x86 ./Drivers/STM32F4xx_HAL_Driver/Src/stm32f4xx_hal_adc.o
                0x0800265c                HAL_ADC_Init
 *fill*         0x080026e2        0x2 
 .text.HAL_ADC_Start
                0x080026e4      0x168 ./Drivers/STM32F4xx_HAL_Driver/Src/stm32f4xx_hal_adc.o
                0x080026e4                HAL_ADC_Start
 .text.HAL_ADC_Stop
                0x0800284c       0x66 ./Drivers/STM32F4xx_HAL_Driver/Src/stm32f4xx_hal_adc.o
                0x0800284c                HAL_ADC_Stop
 .text.HAL_ADC_PollForConversion
                0x080028b2      0x116 ./Drivers/STM32F4xx_HAL_Driver/Src/stm32f4xx_hal_adc.o
                0x080028b2                HAL_ADC_PollForConversion
 .text.HAL_ADC_GetValue
                0x080029c8       0x1a ./Drivers/STM32F4xx_HAL_Driver/Src/stm32f4xx_hal_adc.o
                0x080029c8                HAL_ADC_GetValue
 *fill*         0x080029e2        0x2 
 .text.HAL_ADC_ConfigChannel
                0x080029e4      0x264 ./Drivers/STM32F4xx_HAL_Driver/Src/stm32f4xx_hal_adc.o
                0x080029e4                HAL_ADC_ConfigChannel
 .text.ADC_Init
                0x08002c48      0x1f8 ./Drivers/STM32F4xx_HAL_Driver/Src/stm32f4xx_hal_adc.o
 .text.__NVIC_SetPriorityGrouping
                0x08002e40       0x48 ./Drivers/STM32F4xx_HAL_Driver/Src/stm32f4xx_hal_cortex.o
 .text.__NVIC_GetPriorityGrouping
                0x08002e88       0x1c ./Drivers/STM32F4xx_HAL_Driver/Src/stm32f4xx_hal_cortex.o
 .text.__NVIC_SetPriority
                0x08002ea4       0x54 ./Drivers/STM32F4xx_HAL_Driver/Src/stm32f4xx_hal_cortex.o
 .text.NVIC_EncodePriority
                0x08002ef8       0x66 ./Drivers/STM32F4xx_HAL_Driver/Src/stm32f4xx_hal_cortex.o
 *fill*         0x08002f5e        0x2 
 .text.SysTick_Config
                0x08002f60       0x44 ./Drivers/STM32F4xx_HAL_Driver/Src/stm32f4xx_hal_cortex.o
 .text.HAL_NVIC_SetPriorityGrouping
                0x08002fa4       0x16 ./Drivers/STM32F4xx_HAL_Driver/Src/stm32f4xx_hal_cortex.o
                0x08002fa4                HAL_NVIC_SetPriorityGrouping
 .text.HAL_NVIC_SetPriority
                0x08002fba       0x38 ./Drivers/STM32F4xx_HAL_Driver/Src/stm32f4xx_hal_cortex.o
                0x08002fba                HAL_NVIC_SetPriority
 .text.HAL_SYSTICK_Config
                0x08002ff2       0x18 ./Drivers/STM32F4xx_HAL_Driver/Src/stm32f4xx_hal_cortex.o
                0x08002ff2                HAL_SYSTICK_Config
 *fill*         0x0800300a        0x2 
 .text.HAL_GPIO_Init
                0x0800300c      0x308 ./Drivers/STM32F4xx_HAL_Driver/Src/stm32f4xx_hal_gpio.o
                0x0800300c                HAL_GPIO_Init
 .text.HAL_I2C_Init
                0x08003314      0x288 ./Drivers/STM32F4xx_HAL_Driver/Src/stm32f4xx_hal_i2c.o
                0x08003314                HAL_I2C_Init
 .text.HAL_I2C_Master_Transmit
                0x0800359c      0x1fc ./Drivers/STM32F4xx_HAL_Driver/Src/stm32f4xx_hal_i2c.o
                0x0800359c                HAL_I2C_Master_Transmit
 .text.HAL_I2C_IsDeviceReady
                0x08003798      0x25c ./Drivers/STM32F4xx_HAL_Driver/Src/stm32f4xx_hal_i2c.o
                0x08003798                HAL_I2C_IsDeviceReady
 .text.I2C_MasterRequestWrite
                0x080039f4      0x104 ./Drivers/STM32F4xx_HAL_Driver/Src/stm32f4xx_hal_i2c.o
 .text.I2C_WaitOnFlagUntilTimeout
                0x08003af8       0xf4 ./Drivers/STM32F4xx_HAL_Driver/Src/stm32f4xx_hal_i2c.o
 .text.I2C_WaitOnMasterAddressFlagUntilTimeout
                0x08003bec      0x140 ./Drivers/STM32F4xx_HAL_Driver/Src/stm32f4xx_hal_i2c.o
 .text.I2C_WaitOnTXEFlagUntilTimeout
                0x08003d2c       0x90 ./Drivers/STM32F4xx_HAL_Driver/Src/stm32f4xx_hal_i2c.o
 .text.I2C_WaitOnBTFFlagUntilTimeout
                0x08003dbc       0x90 ./Drivers/STM32F4xx_HAL_Driver/Src/stm32f4xx_hal_i2c.o
 .text.I2C_IsAcknowledgeFailed
                0x08003e4c       0x5e ./Drivers/STM32F4xx_HAL_Driver/Src/stm32f4xx_hal_i2c.o
 *fill*         0x08003eaa        0x2 
 .text.HAL_RCC_OscConfig
                0x08003eac      0x4f0 ./Drivers/STM32F4xx_HAL_Driver/Src/stm32f4xx_hal_rcc.o
                0x08003eac                HAL_RCC_OscConfig
 .text.HAL_RCC_ClockConfig
                0x0800439c      0x1cc ./Drivers/STM32F4xx_HAL_Driver/Src/stm32f4xx_hal_rcc.o
                0x0800439c                HAL_RCC_ClockConfig
 .text.HAL_RCC_GetSysClockFreq
                0x08004568      0x20c ./Drivers/STM32F4xx_HAL_Driver/Src/stm32f4xx_hal_rcc.o
                0x08004568                HAL_RCC_GetSysClockFreq
 .text.HAL_RCC_GetHCLKFreq
                0x08004774       0x18 ./Drivers/STM32F4xx_HAL_Driver/Src/stm32f4xx_hal_rcc.o
                0x08004774                HAL_RCC_GetHCLKFreq
 .text.HAL_RCC_GetPCLK1Freq
                0x0800478c       0x28 ./Drivers/STM32F4xx_HAL_Driver/Src/stm32f4xx_hal_rcc.o
                0x0800478c                HAL_RCC_GetPCLK1Freq
 .text.UART_GetInstance
                0x080047b4       0x2c ./Drivers/UART/uart.o
 .text.UART_Init
                0x080047e0      0x114 ./Drivers/UART/uart.o
                0x080047e0                UART_Init
 .text.UART_SendChar
                0x080048f4       0x38 ./Drivers/UART/uart.o
                0x080048f4                UART_SendChar
 .text.UART_SendString
                0x0800492c       0x32 ./Drivers/UART/uart.o
                0x0800492c                UART_SendString
 *fill*         0x0800495e        0x2 
 .text.Vehicle_GetTemperature
                0x08004960       0x58 ./Drivers/VEHICLE/vehicle.o
                0x08004960                Vehicle_GetTemperature
 .text.Vehicle_GetSpeed
                0x080049b8       0x30 ./Drivers/VEHICLE/vehicle.o
                0x080049b8                Vehicle_GetSpeed
 .text.Vehicle_GetFuel
                0x080049e8       0x6c ./Drivers/VEHICLE/vehicle.o
                0x080049e8                Vehicle_GetFuel
 .text.Vehicle_GetRPM
                0x08004a54       0x34 ./Drivers/VEHICLE/vehicle.o
                0x08004a54                Vehicle_GetRPM
 .text.SSD1306_Init
                0x08004a88      0x188 ./Drivers/ssd1306/ssd1306.o
                0x08004a88                SSD1306_Init
 .text.SSD1306_UpdateScreen
                0x08004c10       0x5c ./Drivers/ssd1306/ssd1306.o
                0x08004c10                SSD1306_UpdateScreen
 .text.SSD1306_Fill
                0x08004c6c       0x30 ./Drivers/ssd1306/ssd1306.o
                0x08004c6c                SSD1306_Fill
 .text.SSD1306_DrawPixel
                0x08004c9c       0xc0 ./Drivers/ssd1306/ssd1306.o
                0x08004c9c                SSD1306_DrawPixel
 .text.SSD1306_GotoXY
                0x08004d5c       0x2c ./Drivers/ssd1306/ssd1306.o
                0x08004d5c                SSD1306_GotoXY
 .text.SSD1306_Putc
                0x08004d88       0xfc ./Drivers/ssd1306/ssd1306.o
                0x08004d88                SSD1306_Putc
 .text.SSD1306_Puts
                0x08004e84       0x4a ./Drivers/ssd1306/ssd1306.o
                0x08004e84                SSD1306_Puts
 *fill*         0x08004ece        0x2 
 .text.ssd1306_I2C_Init
                0x08004ed0       0x2c ./Drivers/ssd1306/ssd1306.o
                0x08004ed0                ssd1306_I2C_Init
 .text.ssd1306_I2C_WriteMulti
                0x08004efc       0xcc ./Drivers/ssd1306/ssd1306.o
                0x08004efc                ssd1306_I2C_WriteMulti
 .text.ssd1306_I2C_Write
                0x08004fc8       0x3c ./Drivers/ssd1306/ssd1306.o
                0x08004fc8                ssd1306_I2C_Write
 .text.__NVIC_SetPriority
                0x08005004       0x54 ./Middlewares/Third_Party/FreeRTOS/Source/CMSIS_RTOS_V2/cmsis_os2.o
 .text.SVC_Setup
                0x08005058       0x12 ./Middlewares/Third_Party/FreeRTOS/Source/CMSIS_RTOS_V2/cmsis_os2.o
 *fill*         0x0800506a        0x2 
 .text.osKernelInitialize
                0x0800506c       0x48 ./Middlewares/Third_Party/FreeRTOS/Source/CMSIS_RTOS_V2/cmsis_os2.o
                0x0800506c                osKernelInitialize
 .text.osKernelStart
                0x080050b4       0x4c ./Middlewares/Third_Party/FreeRTOS/Source/CMSIS_RTOS_V2/cmsis_os2.o
                0x080050b4                osKernelStart
 .text.osThreadNew
                0x08005100      0x124 ./Middlewares/Third_Party/FreeRTOS/Source/CMSIS_RTOS_V2/cmsis_os2.o
                0x08005100                osThreadNew
 .text.osDelay  0x08005224       0x36 ./Middlewares/Third_Party/FreeRTOS/Source/CMSIS_RTOS_V2/cmsis_os2.o
                0x08005224                osDelay
 *fill*         0x0800525a        0x2 
 .text.vApplicationGetIdleTaskMemory
                0x0800525c       0x34 ./Middlewares/Third_Party/FreeRTOS/Source/CMSIS_RTOS_V2/cmsis_os2.o
                0x0800525c                vApplicationGetIdleTaskMemory
 .text.vApplicationGetTimerTaskMemory
                0x08005290       0x34 ./Middlewares/Third_Party/FreeRTOS/Source/CMSIS_RTOS_V2/cmsis_os2.o
                0x08005290                vApplicationGetTimerTaskMemory
 .text.vListInitialise
                0x080052c4       0x40 ./Middlewares/Third_Party/FreeRTOS/Source/list.o
                0x080052c4                vListInitialise
 .text.vListInitialiseItem
                0x08005304       0x1a ./Middlewares/Third_Party/FreeRTOS/Source/list.o
                0x08005304                vListInitialiseItem
 .text.vListInsertEnd
                0x0800531e       0x48 ./Middlewares/Third_Party/FreeRTOS/Source/list.o
                0x0800531e                vListInsertEnd
 .text.vListInsert
                0x08005366       0x72 ./Middlewares/Third_Party/FreeRTOS/Source/list.o
                0x08005366                vListInsert
 .text.uxListRemove
                0x080053d8       0x54 ./Middlewares/Third_Party/FreeRTOS/Source/list.o
                0x080053d8                uxListRemove
 .text.xQueueGenericReset
                0x0800542c       0xd4 ./Middlewares/Third_Party/FreeRTOS/Source/queue.o
                0x0800542c                xQueueGenericReset
 .text.xQueueGenericCreateStatic
                0x08005500       0xfa ./Middlewares/Third_Party/FreeRTOS/Source/queue.o
                0x08005500                xQueueGenericCreateStatic
 .text.prvInitialiseNewQueue
                0x080055fa       0x46 ./Middlewares/Third_Party/FreeRTOS/Source/queue.o
 .text.xQueueGenericSend
                0x08005640      0x204 ./Middlewares/Third_Party/FreeRTOS/Source/queue.o
                0x08005640                xQueueGenericSend
 .text.xQueueGenericSendFromISR
                0x08005844      0x13c ./Middlewares/Third_Party/FreeRTOS/Source/queue.o
                0x08005844                xQueueGenericSendFromISR
 .text.xQueueReceive
                0x08005980      0x1c4 ./Middlewares/Third_Party/FreeRTOS/Source/queue.o
                0x08005980                xQueueReceive
 .text.prvCopyDataToQueue
                0x08005b44       0xd4 ./Middlewares/Third_Party/FreeRTOS/Source/queue.o
 .text.prvCopyDataFromQueue
                0x08005c18       0x4c ./Middlewares/Third_Party/FreeRTOS/Source/queue.o
 .text.prvUnlockQueue
                0x08005c64       0xa4 ./Middlewares/Third_Party/FreeRTOS/Source/queue.o
 .text.prvIsQueueEmpty
                0x08005d08       0x2c ./Middlewares/Third_Party/FreeRTOS/Source/queue.o
 .text.prvIsQueueFull
                0x08005d34       0x30 ./Middlewares/Third_Party/FreeRTOS/Source/queue.o
 .text.vQueueAddToRegistry
                0x08005d64       0x54 ./Middlewares/Third_Party/FreeRTOS/Source/queue.o
                0x08005d64                vQueueAddToRegistry
 .text.vQueueWaitForMessageRestricted
                0x08005db8       0x68 ./Middlewares/Third_Party/FreeRTOS/Source/queue.o
                0x08005db8                vQueueWaitForMessageRestricted
 .text.xTaskCreateStatic
                0x08005e20       0xc0 ./Middlewares/Third_Party/FreeRTOS/Source/tasks.o
                0x08005e20                xTaskCreateStatic
 .text.xTaskCreate
                0x08005ee0       0x8a ./Middlewares/Third_Party/FreeRTOS/Source/tasks.o
                0x08005ee0                xTaskCreate
 .text.prvInitialiseNewTask
                0x08005f6a      0x120 ./Middlewares/Third_Party/FreeRTOS/Source/tasks.o
 *fill*         0x0800608a        0x2 
 .text.prvAddNewTaskToReadyList
                0x0800608c       0xe0 ./Middlewares/Third_Party/FreeRTOS/Source/tasks.o
 .text.vTaskDelay
                0x0800616c       0x6c ./Middlewares/Third_Party/FreeRTOS/Source/tasks.o
                0x0800616c                vTaskDelay
 .text.vTaskStartScheduler
                0x080061d8       0xd0 ./Middlewares/Third_Party/FreeRTOS/Source/tasks.o
                0x080061d8                vTaskStartScheduler
 .text.vTaskSuspendAll
                0x080062a8       0x1c ./Middlewares/Third_Party/FreeRTOS/Source/tasks.o
                0x080062a8                vTaskSuspendAll
 .text.xTaskResumeAll
                0x080062c4      0x13c ./Middlewares/Third_Party/FreeRTOS/Source/tasks.o
                0x080062c4                xTaskResumeAll
 .text.xTaskGetTickCount
                0x08006400       0x20 ./Middlewares/Third_Party/FreeRTOS/Source/tasks.o
                0x08006400                xTaskGetTickCount
 .text.xTaskIncrementTick
                0x08006420      0x174 ./Middlewares/Third_Party/FreeRTOS/Source/tasks.o
                0x08006420                xTaskIncrementTick
 .text.vTaskSwitchContext
                0x08006594       0xbc ./Middlewares/Third_Party/FreeRTOS/Source/tasks.o
                0x08006594                vTaskSwitchContext
 .text.vTaskPlaceOnEventList
                0x08006650       0x4c ./Middlewares/Third_Party/FreeRTOS/Source/tasks.o
                0x08006650                vTaskPlaceOnEventList
 .text.vTaskPlaceOnEventListRestricted
                0x0800669c       0x58 ./Middlewares/Third_Party/FreeRTOS/Source/tasks.o
                0x0800669c                vTaskPlaceOnEventListRestricted
 .text.xTaskRemoveFromEventList
                0x080066f4       0xc8 ./Middlewares/Third_Party/FreeRTOS/Source/tasks.o
                0x080066f4                xTaskRemoveFromEventList
 .text.vTaskInternalSetTimeOutState
                0x080067bc       0x2c ./Middlewares/Third_Party/FreeRTOS/Source/tasks.o
                0x080067bc                vTaskInternalSetTimeOutState
 .text.xTaskCheckForTimeOut
                0x080067e8       0xc8 ./Middlewares/Third_Party/FreeRTOS/Source/tasks.o
                0x080067e8                xTaskCheckForTimeOut
 .text.vTaskMissedYield
                0x080068b0       0x18 ./Middlewares/Third_Party/FreeRTOS/Source/tasks.o
                0x080068b0                vTaskMissedYield
 .text.prvIdleTask
                0x080068c8       0x30 ./Middlewares/Third_Party/FreeRTOS/Source/tasks.o
 .text.prvInitialiseTaskLists
                0x080068f8       0x80 ./Middlewares/Third_Party/FreeRTOS/Source/tasks.o
 .text.prvCheckTasksWaitingTermination
                0x08006978       0x5c ./Middlewares/Third_Party/FreeRTOS/Source/tasks.o
 .text.prvDeleteTCB
                0x080069d4       0x60 ./Middlewares/Third_Party/FreeRTOS/Source/tasks.o
 .text.prvResetNextTaskUnblockTime
                0x08006a34       0x40 ./Middlewares/Third_Party/FreeRTOS/Source/tasks.o
 .text.xTaskGetSchedulerState
                0x08006a74       0x3c ./Middlewares/Third_Party/FreeRTOS/Source/tasks.o
                0x08006a74                xTaskGetSchedulerState
 .text.xTaskPriorityDisinherit
                0x08006ab0       0xe0 ./Middlewares/Third_Party/FreeRTOS/Source/tasks.o
                0x08006ab0                xTaskPriorityDisinherit
 .text.prvAddCurrentTaskToDelayedList
                0x08006b90       0xa8 ./Middlewares/Third_Party/FreeRTOS/Source/tasks.o
 .text.xTimerCreateTimerTask
                0x08006c38       0x94 ./Middlewares/Third_Party/FreeRTOS/Source/timers.o
                0x08006c38                xTimerCreateTimerTask
 .text.xTimerGenericCommand
                0x08006ccc       0x9c ./Middlewares/Third_Party/FreeRTOS/Source/timers.o
                0x08006ccc                xTimerGenericCommand
 .text.prvProcessExpiredTimer
                0x08006d68       0x9c ./Middlewares/Third_Party/FreeRTOS/Source/timers.o
 .text.prvTimerTask
                0x08006e04       0x26 ./Middlewares/Third_Party/FreeRTOS/Source/timers.o
 *fill*         0x08006e2a        0x2 
 .text.prvProcessTimerOrBlockTask
                0x08006e2c       0x9c ./Middlewares/Third_Party/FreeRTOS/Source/timers.o
 .text.prvGetNextExpireTime
                0x08006ec8       0x48 ./Middlewares/Third_Party/FreeRTOS/Source/timers.o
 .text.prvSampleTimeNow
                0x08006f10       0x40 ./Middlewares/Third_Party/FreeRTOS/Source/timers.o
 .text.prvInsertTimerInActiveList
                0x08006f50       0x84 ./Middlewares/Third_Party/FreeRTOS/Source/timers.o
 .text.prvProcessReceivedCommands
                0x08006fd4      0x1cc ./Middlewares/Third_Party/FreeRTOS/Source/timers.o
 .text.prvSwitchTimerLists
                0x080071a0       0xcc ./Middlewares/Third_Party/FreeRTOS/Source/timers.o
 .text.prvCheckForValidListAndQueue
                0x0800726c       0x80 ./Middlewares/Third_Party/FreeRTOS/Source/timers.o
 .text.pxPortInitialiseStack
                0x080072ec       0x68 ./Middlewares/Third_Party/FreeRTOS/Source/portable/GCC/ARM_CM4F/port.o
                0x080072ec                pxPortInitialiseStack
 .text.prvTaskExitError
                0x08007354       0x5c ./Middlewares/Third_Party/FreeRTOS/Source/portable/GCC/ARM_CM4F/port.o
 .text.SVC_Handler
                0x080073b0       0x28 ./Middlewares/Third_Party/FreeRTOS/Source/portable/GCC/ARM_CM4F/port.o
                0x080073b0                SVC_Handler
 .text.prvPortStartFirstTask
                0x080073d8       0x28 ./Middlewares/Third_Party/FreeRTOS/Source/portable/GCC/ARM_CM4F/port.o
 .text.xPortStartScheduler
                0x08007400      0x148 ./Middlewares/Third_Party/FreeRTOS/Source/portable/GCC/ARM_CM4F/port.o
                0x08007400                xPortStartScheduler
 .text.vPortEnterCritical
                0x08007548       0x64 ./Middlewares/Third_Party/FreeRTOS/Source/portable/GCC/ARM_CM4F/port.o
                0x08007548                vPortEnterCritical
 .text.vPortExitCritical
                0x080075ac       0x54 ./Middlewares/Third_Party/FreeRTOS/Source/portable/GCC/ARM_CM4F/port.o
                0x080075ac                vPortExitCritical
 .text.PendSV_Handler
                0x08007600       0x68 ./Middlewares/Third_Party/FreeRTOS/Source/portable/GCC/ARM_CM4F/port.o
                0x08007600                PendSV_Handler
 .text.xPortSysTickHandler
                0x08007668       0x44 ./Middlewares/Third_Party/FreeRTOS/Source/portable/GCC/ARM_CM4F/port.o
                0x08007668                xPortSysTickHandler
 .text.vPortSetupTimerInterrupt
                0x080076ac       0x48 ./Middlewares/Third_Party/FreeRTOS/Source/portable/GCC/ARM_CM4F/port.o
                0x080076ac                vPortSetupTimerInterrupt
 .text.vPortEnableVFP
                0x080076f4       0x14 ./Middlewares/Third_Party/FreeRTOS/Source/portable/GCC/ARM_CM4F/port.o
 .text.vPortValidateInterruptPriority
                0x08007708       0x84 ./Middlewares/Third_Party/FreeRTOS/Source/portable/GCC/ARM_CM4F/port.o
                0x08007708                vPortValidateInterruptPriority
 .text.pvPortMalloc
                0x0800778c      0x19c ./Middlewares/Third_Party/FreeRTOS/Source/portable/MemMang/heap_4.o
                0x0800778c                pvPortMalloc
 .text.vPortFree
                0x08007928       0xc8 ./Middlewares/Third_Party/FreeRTOS/Source/portable/MemMang/heap_4.o
                0x08007928                vPortFree
 .text.prvHeapInit
                0x080079f0       0xc4 ./Middlewares/Third_Party/FreeRTOS/Source/portable/MemMang/heap_4.o
 .text.prvInsertBlockIntoFreeList
                0x08007ab4       0xb4 ./Middlewares/Third_Party/FreeRTOS/Source/portable/MemMang/heap_4.o
 .text.__cvt    0x08007b68       0xca C:/ST/STM32CubeIDE_1.18.1/STM32CubeIDE/plugins/com.st.stm32cube.ide.mcu.externaltools.gnu-tools-for-stm32.13.3.rel1.win32_1.0.0.202411081344/tools/bin/../lib/gcc/arm-none-eabi/13.3.1/../../../../arm-none-eabi/lib/thumb/v7e-m+fp/hard\libc_nano.a(libc_a-nano-vfprintf_float.o)
                0x08007b68                __cvt
 .text.__exponent
                0x08007c32       0x74 C:/ST/STM32CubeIDE_1.18.1/STM32CubeIDE/plugins/com.st.stm32cube.ide.mcu.externaltools.gnu-tools-for-stm32.13.3.rel1.win32_1.0.0.202411081344/tools/bin/../lib/gcc/arm-none-eabi/13.3.1/../../../../arm-none-eabi/lib/thumb/v7e-m+fp/hard\libc_nano.a(libc_a-nano-vfprintf_float.o)
                0x08007c32                __exponent
 *fill*         0x08007ca6        0x2 
 .text._printf_float
                0x08007ca8      0x454 C:/ST/STM32CubeIDE_1.18.1/STM32CubeIDE/plugins/com.st.stm32cube.ide.mcu.externaltools.gnu-tools-for-stm32.13.3.rel1.win32_1.0.0.202411081344/tools/bin/../lib/gcc/arm-none-eabi/13.3.1/../../../../arm-none-eabi/lib/thumb/v7e-m+fp/hard\libc_nano.a(libc_a-nano-vfprintf_float.o)
                0x08007ca8                _printf_float
 .text._printf_common
                0x080080fc       0xda C:/ST/STM32CubeIDE_1.18.1/STM32CubeIDE/plugins/com.st.stm32cube.ide.mcu.externaltools.gnu-tools-for-stm32.13.3.rel1.win32_1.0.0.202411081344/tools/bin/../lib/gcc/arm-none-eabi/13.3.1/../../../../arm-none-eabi/lib/thumb/v7e-m+fp/hard\libc_nano.a(libc_a-nano-vfprintf_i.o)
                0x080080fc                _printf_common
 *fill*         0x080081d6        0x2 
 .text._printf_i
                0x080081d8      0x23c C:/ST/STM32CubeIDE_1.18.1/STM32CubeIDE/plugins/com.st.stm32cube.ide.mcu.externaltools.gnu-tools-for-stm32.13.3.rel1.win32_1.0.0.202411081344/tools/bin/../lib/gcc/arm-none-eabi/13.3.1/../../../../arm-none-eabi/lib/thumb/v7e-m+fp/hard\libc_nano.a(libc_a-nano-vfprintf_i.o)
                0x080081d8                _printf_i
 .text._scanf_float
                0x08008414      0x41c C:/ST/STM32CubeIDE_1.18.1/STM32CubeIDE/plugins/com.st.stm32cube.ide.mcu.externaltools.gnu-tools-for-stm32.13.3.rel1.win32_1.0.0.202411081344/tools/bin/../lib/gcc/arm-none-eabi/13.3.1/../../../../arm-none-eabi/lib/thumb/v7e-m+fp/hard\libc_nano.a(libc_a-nano-vfscanf_float.o)
                0x08008414                _scanf_float
 .text.std      0x08008830       0x6c C:/ST/STM32CubeIDE_1.18.1/STM32CubeIDE/plugins/com.st.stm32cube.ide.mcu.externaltools.gnu-tools-for-stm32.13.3.rel1.win32_1.0.0.202411081344/tools/bin/../lib/gcc/arm-none-eabi/13.3.1/../../../../arm-none-eabi/lib/thumb/v7e-m+fp/hard\libc_nano.a(libc_a-findfp.o)
 .text.stdio_exit_handler
                0x0800889c       0x18 C:/ST/STM32CubeIDE_1.18.1/STM32CubeIDE/plugins/com.st.stm32cube.ide.mcu.externaltools.gnu-tools-for-stm32.13.3.rel1.win32_1.0.0.202411081344/tools/bin/../lib/gcc/arm-none-eabi/13.3.1/../../../../arm-none-eabi/lib/thumb/v7e-m+fp/hard\libc_nano.a(libc_a-findfp.o)
 .text.cleanup_stdio
                0x080088b4       0x40 C:/ST/STM32CubeIDE_1.18.1/STM32CubeIDE/plugins/com.st.stm32cube.ide.mcu.externaltools.gnu-tools-for-stm32.13.3.rel1.win32_1.0.0.202411081344/tools/bin/../lib/gcc/arm-none-eabi/13.3.1/../../../../arm-none-eabi/lib/thumb/v7e-m+fp/hard\libc_nano.a(libc_a-findfp.o)
 .text.global_stdio_init.part.0
                0x080088f4       0x3c C:/ST/STM32CubeIDE_1.18.1/STM32CubeIDE/plugins/com.st.stm32cube.ide.mcu.externaltools.gnu-tools-for-stm32.13.3.rel1.win32_1.0.0.202411081344/tools/bin/../lib/gcc/arm-none-eabi/13.3.1/../../../../arm-none-eabi/lib/thumb/v7e-m+fp/hard\libc_nano.a(libc_a-findfp.o)
 .text.__sfp_lock_acquire
                0x08008930        0xc C:/ST/STM32CubeIDE_1.18.1/STM32CubeIDE/plugins/com.st.stm32cube.ide.mcu.externaltools.gnu-tools-for-stm32.13.3.rel1.win32_1.0.0.202411081344/tools/bin/../lib/gcc/arm-none-eabi/13.3.1/../../../../arm-none-eabi/lib/thumb/v7e-m+fp/hard\libc_nano.a(libc_a-findfp.o)
                0x08008930                __sfp_lock_acquire
 .text.__sfp_lock_release
                0x0800893c        0xc C:/ST/STM32CubeIDE_1.18.1/STM32CubeIDE/plugins/com.st.stm32cube.ide.mcu.externaltools.gnu-tools-for-stm32.13.3.rel1.win32_1.0.0.202411081344/tools/bin/../lib/gcc/arm-none-eabi/13.3.1/../../../../arm-none-eabi/lib/thumb/v7e-m+fp/hard\libc_nano.a(libc_a-findfp.o)
                0x0800893c                __sfp_lock_release
 .text.__sinit  0x08008948       0x30 C:/ST/STM32CubeIDE_1.18.1/STM32CubeIDE/plugins/com.st.stm32cube.ide.mcu.externaltools.gnu-tools-for-stm32.13.3.rel1.win32_1.0.0.202411081344/tools/bin/../lib/gcc/arm-none-eabi/13.3.1/../../../../arm-none-eabi/lib/thumb/v7e-m+fp/hard\libc_nano.a(libc_a-findfp.o)
                0x08008948                __sinit
 .text._fwalk_sglue
                0x08008978       0x3c C:/ST/STM32CubeIDE_1.18.1/STM32CubeIDE/plugins/com.st.stm32cube.ide.mcu.externaltools.gnu-tools-for-stm32.13.3.rel1.win32_1.0.0.202411081344/tools/bin/../lib/gcc/arm-none-eabi/13.3.1/../../../../arm-none-eabi/lib/thumb/v7e-m+fp/hard\libc_nano.a(libc_a-fwalk.o)
                0x08008978                _fwalk_sglue
 .text.sprintf  0x080089b4       0x44 C:/ST/STM32CubeIDE_1.18.1/STM32CubeIDE/plugins/com.st.stm32cube.ide.mcu.externaltools.gnu-tools-for-stm32.13.3.rel1.win32_1.0.0.202411081344/tools/bin/../lib/gcc/arm-none-eabi/13.3.1/../../../../arm-none-eabi/lib/thumb/v7e-m+fp/hard\libc_nano.a(libc_a-sprintf.o)
                0x080089b4                siprintf
                0x080089b4                sprintf
 .text.__sread  0x080089f8       0x22 C:/ST/STM32CubeIDE_1.18.1/STM32CubeIDE/plugins/com.st.stm32cube.ide.mcu.externaltools.gnu-tools-for-stm32.13.3.rel1.win32_1.0.0.202411081344/tools/bin/../lib/gcc/arm-none-eabi/13.3.1/../../../../arm-none-eabi/lib/thumb/v7e-m+fp/hard\libc_nano.a(libc_a-stdio.o)
                0x080089f8                __sread
 .text.__swrite
                0x08008a1a       0x38 C:/ST/STM32CubeIDE_1.18.1/STM32CubeIDE/plugins/com.st.stm32cube.ide.mcu.externaltools.gnu-tools-for-stm32.13.3.rel1.win32_1.0.0.202411081344/tools/bin/../lib/gcc/arm-none-eabi/13.3.1/../../../../arm-none-eabi/lib/thumb/v7e-m+fp/hard\libc_nano.a(libc_a-stdio.o)
                0x08008a1a                __swrite
 .text.__sseek  0x08008a52       0x24 C:/ST/STM32CubeIDE_1.18.1/STM32CubeIDE/plugins/com.st.stm32cube.ide.mcu.externaltools.gnu-tools-for-stm32.13.3.rel1.win32_1.0.0.202411081344/tools/bin/../lib/gcc/arm-none-eabi/13.3.1/../../../../arm-none-eabi/lib/thumb/v7e-m+fp/hard\libc_nano.a(libc_a-stdio.o)
                0x08008a52                __sseek
 .text.__sclose
                0x08008a76        0x8 C:/ST/STM32CubeIDE_1.18.1/STM32CubeIDE/plugins/com.st.stm32cube.ide.mcu.externaltools.gnu-tools-for-stm32.13.3.rel1.win32_1.0.0.202411081344/tools/bin/../lib/gcc/arm-none-eabi/13.3.1/../../../../arm-none-eabi/lib/thumb/v7e-m+fp/hard\libc_nano.a(libc_a-stdio.o)
                0x08008a76                __sclose
 .text.memset   0x08008a7e       0x10 C:/ST/STM32CubeIDE_1.18.1/STM32CubeIDE/plugins/com.st.stm32cube.ide.mcu.externaltools.gnu-tools-for-stm32.13.3.rel1.win32_1.0.0.202411081344/tools/bin/../lib/gcc/arm-none-eabi/13.3.1/../../../../arm-none-eabi/lib/thumb/v7e-m+fp/hard\libc_nano.a(libc_a-memset.o)
                0x08008a7e                memset
 *fill*         0x08008a8e        0x2 
 .text._localeconv_r
                0x08008a90        0x8 C:/ST/STM32CubeIDE_1.18.1/STM32CubeIDE/plugins/com.st.stm32cube.ide.mcu.externaltools.gnu-tools-for-stm32.13.3.rel1.win32_1.0.0.202411081344/tools/bin/../lib/gcc/arm-none-eabi/13.3.1/../../../../arm-none-eabi/lib/thumb/v7e-m+fp/hard\libc_nano.a(libc_a-localeconv.o)
                0x08008a90                _localeconv_r
 .text._close_r
                0x08008a98       0x20 C:/ST/STM32CubeIDE_1.18.1/STM32CubeIDE/plugins/com.st.stm32cube.ide.mcu.externaltools.gnu-tools-for-stm32.13.3.rel1.win32_1.0.0.202411081344/tools/bin/../lib/gcc/arm-none-eabi/13.3.1/../../../../arm-none-eabi/lib/thumb/v7e-m+fp/hard\libc_nano.a(libc_a-closer.o)
                0x08008a98                _close_r
 .text._lseek_r
                0x08008ab8       0x24 C:/ST/STM32CubeIDE_1.18.1/STM32CubeIDE/plugins/com.st.stm32cube.ide.mcu.externaltools.gnu-tools-for-stm32.13.3.rel1.win32_1.0.0.202411081344/tools/bin/../lib/gcc/arm-none-eabi/13.3.1/../../../../arm-none-eabi/lib/thumb/v7e-m+fp/hard\libc_nano.a(libc_a-lseekr.o)
                0x08008ab8                _lseek_r
 .text._read_r  0x08008adc       0x24 C:/ST/STM32CubeIDE_1.18.1/STM32CubeIDE/plugins/com.st.stm32cube.ide.mcu.externaltools.gnu-tools-for-stm32.13.3.rel1.win32_1.0.0.202411081344/tools/bin/../lib/gcc/arm-none-eabi/13.3.1/../../../../arm-none-eabi/lib/thumb/v7e-m+fp/hard\libc_nano.a(libc_a-readr.o)
                0x08008adc                _read_r
 .text._write_r
                0x08008b00       0x24 C:/ST/STM32CubeIDE_1.18.1/STM32CubeIDE/plugins/com.st.stm32cube.ide.mcu.externaltools.gnu-tools-for-stm32.13.3.rel1.win32_1.0.0.202411081344/tools/bin/../lib/gcc/arm-none-eabi/13.3.1/../../../../arm-none-eabi/lib/thumb/v7e-m+fp/hard\libc_nano.a(libc_a-writer.o)
                0x08008b00                _write_r
 .text.__errno  0x08008b24        0xc C:/ST/STM32CubeIDE_1.18.1/STM32CubeIDE/plugins/com.st.stm32cube.ide.mcu.externaltools.gnu-tools-for-stm32.13.3.rel1.win32_1.0.0.202411081344/tools/bin/../lib/gcc/arm-none-eabi/13.3.1/../../../../arm-none-eabi/lib/thumb/v7e-m+fp/hard\libc_nano.a(libc_a-errno.o)
                0x08008b24                __errno
 .text.__libc_init_array
                0x08008b30       0x48 C:/ST/STM32CubeIDE_1.18.1/STM32CubeIDE/plugins/com.st.stm32cube.ide.mcu.externaltools.gnu-tools-for-stm32.13.3.rel1.win32_1.0.0.202411081344/tools/bin/../lib/gcc/arm-none-eabi/13.3.1/../../../../arm-none-eabi/lib/thumb/v7e-m+fp/hard\libc_nano.a(libc_a-init.o)
                0x08008b30                __libc_init_array
 .text.__retarget_lock_init_recursive
                0x08008b78        0x2 C:/ST/STM32CubeIDE_1.18.1/STM32CubeIDE/plugins/com.st.stm32cube.ide.mcu.externaltools.gnu-tools-for-stm32.13.3.rel1.win32_1.0.0.202411081344/tools/bin/../lib/gcc/arm-none-eabi/13.3.1/../../../../arm-none-eabi/lib/thumb/v7e-m+fp/hard\libc_nano.a(libc_a-lock.o)
                0x08008b78                __retarget_lock_init_recursive
 .text.__retarget_lock_acquire_recursive
                0x08008b7a        0x2 C:/ST/STM32CubeIDE_1.18.1/STM32CubeIDE/plugins/com.st.stm32cube.ide.mcu.externaltools.gnu-tools-for-stm32.13.3.rel1.win32_1.0.0.202411081344/tools/bin/../lib/gcc/arm-none-eabi/13.3.1/../../../../arm-none-eabi/lib/thumb/v7e-m+fp/hard\libc_nano.a(libc_a-lock.o)
                0x08008b7a                __retarget_lock_acquire_recursive
 .text.__retarget_lock_release_recursive
                0x08008b7c        0x2 C:/ST/STM32CubeIDE_1.18.1/STM32CubeIDE/plugins/com.st.stm32cube.ide.mcu.externaltools.gnu-tools-for-stm32.13.3.rel1.win32_1.0.0.202411081344/tools/bin/../lib/gcc/arm-none-eabi/13.3.1/../../../../arm-none-eabi/lib/thumb/v7e-m+fp/hard\libc_nano.a(libc_a-lock.o)
                0x08008b7c                __retarget_lock_release_recursive
 .text.memcpy   0x08008b7e       0x1c C:/ST/STM32CubeIDE_1.18.1/STM32CubeIDE/plugins/com.st.stm32cube.ide.mcu.externaltools.gnu-tools-for-stm32.13.3.rel1.win32_1.0.0.202411081344/tools/bin/../lib/gcc/arm-none-eabi/13.3.1/../../../../arm-none-eabi/lib/thumb/v7e-m+fp/hard\libc_nano.a(libc_a-memcpy-stub.o)
                0x08008b7e                memcpy
 *fill*         0x08008b9a        0x2 
 .text.nanf     0x08008b9c        0xc C:/ST/STM32CubeIDE_1.18.1/STM32CubeIDE/plugins/com.st.stm32cube.ide.mcu.externaltools.gnu-tools-for-stm32.13.3.rel1.win32_1.0.0.202411081344/tools/bin/../lib/gcc/arm-none-eabi/13.3.1/../../../../arm-none-eabi/lib/thumb/v7e-m+fp/hard\libc_nano.a(libm_a-sf_nan.o)
                0x08008b9c                nanf
 .text.quorem   0x08008ba8      0x110 C:/ST/STM32CubeIDE_1.18.1/STM32CubeIDE/plugins/com.st.stm32cube.ide.mcu.externaltools.gnu-tools-for-stm32.13.3.rel1.win32_1.0.0.202411081344/tools/bin/../lib/gcc/arm-none-eabi/13.3.1/../../../../arm-none-eabi/lib/thumb/v7e-m+fp/hard\libc_nano.a(libc_a-dtoa.o)
 .text._dtoa_r  0x08008cb8      0xba0 C:/ST/STM32CubeIDE_1.18.1/STM32CubeIDE/plugins/com.st.stm32cube.ide.mcu.externaltools.gnu-tools-for-stm32.13.3.rel1.win32_1.0.0.202411081344/tools/bin/../lib/gcc/arm-none-eabi/13.3.1/../../../../arm-none-eabi/lib/thumb/v7e-m+fp/hard\libc_nano.a(libc_a-dtoa.o)
                0x08008cb8                _dtoa_r
 .text._free_r  0x08009858       0x94 C:/ST/STM32CubeIDE_1.18.1/STM32CubeIDE/plugins/com.st.stm32cube.ide.mcu.externaltools.gnu-tools-for-stm32.13.3.rel1.win32_1.0.0.202411081344/tools/bin/../lib/gcc/arm-none-eabi/13.3.1/../../../../arm-none-eabi/lib/thumb/v7e-m+fp/hard\libc_nano.a(libc_a-freer.o)
                0x08009858                _free_r
 .text.malloc   0x080098ec       0x10 C:/ST/STM32CubeIDE_1.18.1/STM32CubeIDE/plugins/com.st.stm32cube.ide.mcu.externaltools.gnu-tools-for-stm32.13.3.rel1.win32_1.0.0.202411081344/tools/bin/../lib/gcc/arm-none-eabi/13.3.1/../../../../arm-none-eabi/lib/thumb/v7e-m+fp/hard\libc_nano.a(libc_a-malloc.o)
                0x080098ec                malloc
 .text.sbrk_aligned
                0x080098fc       0x44 C:/ST/STM32CubeIDE_1.18.1/STM32CubeIDE/plugins/com.st.stm32cube.ide.mcu.externaltools.gnu-tools-for-stm32.13.3.rel1.win32_1.0.0.202411081344/tools/bin/../lib/gcc/arm-none-eabi/13.3.1/../../../../arm-none-eabi/lib/thumb/v7e-m+fp/hard\libc_nano.a(libc_a-mallocr.o)
 .text._malloc_r
                0x08009940      0x100 C:/ST/STM32CubeIDE_1.18.1/STM32CubeIDE/plugins/com.st.stm32cube.ide.mcu.externaltools.gnu-tools-for-stm32.13.3.rel1.win32_1.0.0.202411081344/tools/bin/../lib/gcc/arm-none-eabi/13.3.1/../../../../arm-none-eabi/lib/thumb/v7e-m+fp/hard\libc_nano.a(libc_a-mallocr.o)
                0x08009940                _malloc_r
 .text.__malloc_lock
                0x08009a40        0xc C:/ST/STM32CubeIDE_1.18.1/STM32CubeIDE/plugins/com.st.stm32cube.ide.mcu.externaltools.gnu-tools-for-stm32.13.3.rel1.win32_1.0.0.202411081344/tools/bin/../lib/gcc/arm-none-eabi/13.3.1/../../../../arm-none-eabi/lib/thumb/v7e-m+fp/hard\libc_nano.a(libc_a-mlock.o)
                0x08009a40                __malloc_lock
 .text.__malloc_unlock
                0x08009a4c        0xc C:/ST/STM32CubeIDE_1.18.1/STM32CubeIDE/plugins/com.st.stm32cube.ide.mcu.externaltools.gnu-tools-for-stm32.13.3.rel1.win32_1.0.0.202411081344/tools/bin/../lib/gcc/arm-none-eabi/13.3.1/../../../../arm-none-eabi/lib/thumb/v7e-m+fp/hard\libc_nano.a(libc_a-mlock.o)
                0x08009a4c                __malloc_unlock
 .text._Balloc  0x08009a58       0x80 C:/ST/STM32CubeIDE_1.18.1/STM32CubeIDE/plugins/com.st.stm32cube.ide.mcu.externaltools.gnu-tools-for-stm32.13.3.rel1.win32_1.0.0.202411081344/tools/bin/../lib/gcc/arm-none-eabi/13.3.1/../../../../arm-none-eabi/lib/thumb/v7e-m+fp/hard\libc_nano.a(libc_a-mprec.o)
                0x08009a58                _Balloc
 .text._Bfree   0x08009ad8       0x44 C:/ST/STM32CubeIDE_1.18.1/STM32CubeIDE/plugins/com.st.stm32cube.ide.mcu.externaltools.gnu-tools-for-stm32.13.3.rel1.win32_1.0.0.202411081344/tools/bin/../lib/gcc/arm-none-eabi/13.3.1/../../../../arm-none-eabi/lib/thumb/v7e-m+fp/hard\libc_nano.a(libc_a-mprec.o)
                0x08009ad8                _Bfree
 .text.__multadd
                0x08009b1c       0x8c C:/ST/STM32CubeIDE_1.18.1/STM32CubeIDE/plugins/com.st.stm32cube.ide.mcu.externaltools.gnu-tools-for-stm32.13.3.rel1.win32_1.0.0.202411081344/tools/bin/../lib/gcc/arm-none-eabi/13.3.1/../../../../arm-none-eabi/lib/thumb/v7e-m+fp/hard\libc_nano.a(libc_a-mprec.o)
                0x08009b1c                __multadd
 .text.__s2b    0x08009ba8       0x94 C:/ST/STM32CubeIDE_1.18.1/STM32CubeIDE/plugins/com.st.stm32cube.ide.mcu.externaltools.gnu-tools-for-stm32.13.3.rel1.win32_1.0.0.202411081344/tools/bin/../lib/gcc/arm-none-eabi/13.3.1/../../../../arm-none-eabi/lib/thumb/v7e-m+fp/hard\libc_nano.a(libc_a-mprec.o)
                0x08009ba8                __s2b
 .text.__hi0bits
                0x08009c3c       0x3e C:/ST/STM32CubeIDE_1.18.1/STM32CubeIDE/plugins/com.st.stm32cube.ide.mcu.externaltools.gnu-tools-for-stm32.13.3.rel1.win32_1.0.0.202411081344/tools/bin/../lib/gcc/arm-none-eabi/13.3.1/../../../../arm-none-eabi/lib/thumb/v7e-m+fp/hard\libc_nano.a(libc_a-mprec.o)
                0x08009c3c                __hi0bits
 .text.__lo0bits
                0x08009c7a       0x5a C:/ST/STM32CubeIDE_1.18.1/STM32CubeIDE/plugins/com.st.stm32cube.ide.mcu.externaltools.gnu-tools-for-stm32.13.3.rel1.win32_1.0.0.202411081344/tools/bin/../lib/gcc/arm-none-eabi/13.3.1/../../../../arm-none-eabi/lib/thumb/v7e-m+fp/hard\libc_nano.a(libc_a-mprec.o)
                0x08009c7a                __lo0bits
 .text.__i2b    0x08009cd4       0x2c C:/ST/STM32CubeIDE_1.18.1/STM32CubeIDE/plugins/com.st.stm32cube.ide.mcu.externaltools.gnu-tools-for-stm32.13.3.rel1.win32_1.0.0.202411081344/tools/bin/../lib/gcc/arm-none-eabi/13.3.1/../../../../arm-none-eabi/lib/thumb/v7e-m+fp/hard\libc_nano.a(libc_a-mprec.o)
                0x08009cd4                __i2b
 .text.__multiply
                0x08009d00      0x144 C:/ST/STM32CubeIDE_1.18.1/STM32CubeIDE/plugins/com.st.stm32cube.ide.mcu.externaltools.gnu-tools-for-stm32.13.3.rel1.win32_1.0.0.202411081344/tools/bin/../lib/gcc/arm-none-eabi/13.3.1/../../../../arm-none-eabi/lib/thumb/v7e-m+fp/hard\libc_nano.a(libc_a-mprec.o)
                0x08009d00                __multiply
 .text.__pow5mult
                0x08009e44       0xb4 C:/ST/STM32CubeIDE_1.18.1/STM32CubeIDE/plugins/com.st.stm32cube.ide.mcu.externaltools.gnu-tools-for-stm32.13.3.rel1.win32_1.0.0.202411081344/tools/bin/../lib/gcc/arm-none-eabi/13.3.1/../../../../arm-none-eabi/lib/thumb/v7e-m+fp/hard\libc_nano.a(libc_a-mprec.o)
                0x08009e44                __pow5mult
 .text.__lshift
                0x08009ef8       0xd8 C:/ST/STM32CubeIDE_1.18.1/STM32CubeIDE/plugins/com.st.stm32cube.ide.mcu.externaltools.gnu-tools-for-stm32.13.3.rel1.win32_1.0.0.202411081344/tools/bin/../lib/gcc/arm-none-eabi/13.3.1/../../../../arm-none-eabi/lib/thumb/v7e-m+fp/hard\libc_nano.a(libc_a-mprec.o)
                0x08009ef8                __lshift
 .text.__mcmp   0x08009fd0       0x36 C:/ST/STM32CubeIDE_1.18.1/STM32CubeIDE/plugins/com.st.stm32cube.ide.mcu.externaltools.gnu-tools-for-stm32.13.3.rel1.win32_1.0.0.202411081344/tools/bin/../lib/gcc/arm-none-eabi/13.3.1/../../../../arm-none-eabi/lib/thumb/v7e-m+fp/hard\libc_nano.a(libc_a-mprec.o)
                0x08009fd0                __mcmp
 *fill*         0x0800a006        0x2 
 .text.__mdiff  0x0800a008      0x128 C:/ST/STM32CubeIDE_1.18.1/STM32CubeIDE/plugins/com.st.stm32cube.ide.mcu.externaltools.gnu-tools-for-stm32.13.3.rel1.win32_1.0.0.202411081344/tools/bin/../lib/gcc/arm-none-eabi/13.3.1/../../../../arm-none-eabi/lib/thumb/v7e-m+fp/hard\libc_nano.a(libc_a-mprec.o)
                0x0800a008                __mdiff
 .text.__ulp    0x0800a130       0x4c C:/ST/STM32CubeIDE_1.18.1/STM32CubeIDE/plugins/com.st.stm32cube.ide.mcu.externaltools.gnu-tools-for-stm32.13.3.rel1.win32_1.0.0.202411081344/tools/bin/../lib/gcc/arm-none-eabi/13.3.1/../../../../arm-none-eabi/lib/thumb/v7e-m+fp/hard\libc_nano.a(libc_a-mprec.o)
                0x0800a130                __ulp
 .text.__b2d    0x0800a17c       0x94 C:/ST/STM32CubeIDE_1.18.1/STM32CubeIDE/plugins/com.st.stm32cube.ide.mcu.externaltools.gnu-tools-for-stm32.13.3.rel1.win32_1.0.0.202411081344/tools/bin/../lib/gcc/arm-none-eabi/13.3.1/../../../../arm-none-eabi/lib/thumb/v7e-m+fp/hard\libc_nano.a(libc_a-mprec.o)
                0x0800a17c                __b2d
 .text.__d2b    0x0800a210       0xb0 C:/ST/STM32CubeIDE_1.18.1/STM32CubeIDE/plugins/com.st.stm32cube.ide.mcu.externaltools.gnu-tools-for-stm32.13.3.rel1.win32_1.0.0.202411081344/tools/bin/../lib/gcc/arm-none-eabi/13.3.1/../../../../arm-none-eabi/lib/thumb/v7e-m+fp/hard\libc_nano.a(libc_a-mprec.o)
                0x0800a210                __d2b
 .text.__ratio  0x0800a2c0       0x64 C:/ST/STM32CubeIDE_1.18.1/STM32CubeIDE/plugins/com.st.stm32cube.ide.mcu.externaltools.gnu-tools-for-stm32.13.3.rel1.win32_1.0.0.202411081344/tools/bin/../lib/gcc/arm-none-eabi/13.3.1/../../../../arm-none-eabi/lib/thumb/v7e-m+fp/hard\libc_nano.a(libc_a-mprec.o)
                0x0800a2c0                __ratio
 .text.__copybits
                0x0800a324       0x46 C:/ST/STM32CubeIDE_1.18.1/STM32CubeIDE/plugins/com.st.stm32cube.ide.mcu.externaltools.gnu-tools-for-stm32.13.3.rel1.win32_1.0.0.202411081344/tools/bin/../lib/gcc/arm-none-eabi/13.3.1/../../../../arm-none-eabi/lib/thumb/v7e-m+fp/hard\libc_nano.a(libc_a-mprec.o)
                0x0800a324                __copybits
 .text.__any_on
                0x0800a36a       0x42 C:/ST/STM32CubeIDE_1.18.1/STM32CubeIDE/plugins/com.st.stm32cube.ide.mcu.externaltools.gnu-tools-for-stm32.13.3.rel1.win32_1.0.0.202411081344/tools/bin/../lib/gcc/arm-none-eabi/13.3.1/../../../../arm-none-eabi/lib/thumb/v7e-m+fp/hard\libc_nano.a(libc_a-mprec.o)
                0x0800a36a                __any_on
 .text.sulp     0x0800a3ac       0x3c C:/ST/STM32CubeIDE_1.18.1/STM32CubeIDE/plugins/com.st.stm32cube.ide.mcu.externaltools.gnu-tools-for-stm32.13.3.rel1.win32_1.0.0.202411081344/tools/bin/../lib/gcc/arm-none-eabi/13.3.1/../../../../arm-none-eabi/lib/thumb/v7e-m+fp/hard\libc_nano.a(libc_a-strtod.o)
 .text._strtod_l
                0x0800a3e8      0xbc8 C:/ST/STM32CubeIDE_1.18.1/STM32CubeIDE/plugins/com.st.stm32cube.ide.mcu.externaltools.gnu-tools-for-stm32.13.3.rel1.win32_1.0.0.202411081344/tools/bin/../lib/gcc/arm-none-eabi/13.3.1/../../../../arm-none-eabi/lib/thumb/v7e-m+fp/hard\libc_nano.a(libc_a-strtod.o)
                0x0800a3e8                _strtod_l
 .text._strtod_r
                0x0800afb0        0xc C:/ST/STM32CubeIDE_1.18.1/STM32CubeIDE/plugins/com.st.stm32cube.ide.mcu.externaltools.gnu-tools-for-stm32.13.3.rel1.win32_1.0.0.202411081344/tools/bin/../lib/gcc/arm-none-eabi/13.3.1/../../../../arm-none-eabi/lib/thumb/v7e-m+fp/hard\libc_nano.a(libc_a-strtod.o)
                0x0800afb0                _strtod_r
 .text._strtol_l.isra.0
                0x0800afbc       0xf4 C:/ST/STM32CubeIDE_1.18.1/STM32CubeIDE/plugins/com.st.stm32cube.ide.mcu.externaltools.gnu-tools-for-stm32.13.3.rel1.win32_1.0.0.202411081344/tools/bin/../lib/gcc/arm-none-eabi/13.3.1/../../../../arm-none-eabi/lib/thumb/v7e-m+fp/hard\libc_nano.a(libc_a-strtol.o)
 .text._strtol_r
                0x0800b0b0        0x4 C:/ST/STM32CubeIDE_1.18.1/STM32CubeIDE/plugins/com.st.stm32cube.ide.mcu.externaltools.gnu-tools-for-stm32.13.3.rel1.win32_1.0.0.202411081344/tools/bin/../lib/gcc/arm-none-eabi/13.3.1/../../../../arm-none-eabi/lib/thumb/v7e-m+fp/hard\libc_nano.a(libc_a-strtol.o)
                0x0800b0b0                _strtol_r
 .text.__ssputs_r
                0x0800b0b4       0xb6 C:/ST/STM32CubeIDE_1.18.1/STM32CubeIDE/plugins/com.st.stm32cube.ide.mcu.externaltools.gnu-tools-for-stm32.13.3.rel1.win32_1.0.0.202411081344/tools/bin/../lib/gcc/arm-none-eabi/13.3.1/../../../../arm-none-eabi/lib/thumb/v7e-m+fp/hard\libc_nano.a(libc_a-nano-svfprintf.o)
                0x0800b0b4                __ssputs_r
 *fill*         0x0800b16a        0x2 
 .text._svfprintf_r
                0x0800b16c      0x1f8 C:/ST/STM32CubeIDE_1.18.1/STM32CubeIDE/plugins/com.st.stm32cube.ide.mcu.externaltools.gnu-tools-for-stm32.13.3.rel1.win32_1.0.0.202411081344/tools/bin/../lib/gcc/arm-none-eabi/13.3.1/../../../../arm-none-eabi/lib/thumb/v7e-m+fp/hard\libc_nano.a(libc_a-nano-svfprintf.o)
                0x0800b16c                _svfiprintf_r
                0x0800b16c                _svfprintf_r
 .text.__sflush_r
                0x0800b364      0x108 C:/ST/STM32CubeIDE_1.18.1/STM32CubeIDE/plugins/com.st.stm32cube.ide.mcu.externaltools.gnu-tools-for-stm32.13.3.rel1.win32_1.0.0.202411081344/tools/bin/../lib/gcc/arm-none-eabi/13.3.1/../../../../arm-none-eabi/lib/thumb/v7e-m+fp/hard\libc_nano.a(libc_a-fflush.o)
                0x0800b364                __sflush_r
 .text._fflush_r
                0x0800b46c       0x50 C:/ST/STM32CubeIDE_1.18.1/STM32CubeIDE/plugins/com.st.stm32cube.ide.mcu.externaltools.gnu-tools-for-stm32.13.3.rel1.win32_1.0.0.202411081344/tools/bin/../lib/gcc/arm-none-eabi/13.3.1/../../../../arm-none-eabi/lib/thumb/v7e-m+fp/hard\libc_nano.a(libc_a-fflush.o)
                0x0800b46c                _fflush_r
 .text.memmove  0x0800b4bc       0x34 C:/ST/STM32CubeIDE_1.18.1/STM32CubeIDE/plugins/com.st.stm32cube.ide.mcu.externaltools.gnu-tools-for-stm32.13.3.rel1.win32_1.0.0.202411081344/tools/bin/../lib/gcc/arm-none-eabi/13.3.1/../../../../arm-none-eabi/lib/thumb/v7e-m+fp/hard\libc_nano.a(libc_a-memmove.o)
                0x0800b4bc                memmove
 .text.strncmp  0x0800b4f0       0x24 C:/ST/STM32CubeIDE_1.18.1/STM32CubeIDE/plugins/com.st.stm32cube.ide.mcu.externaltools.gnu-tools-for-stm32.13.3.rel1.win32_1.0.0.202411081344/tools/bin/../lib/gcc/arm-none-eabi/13.3.1/../../../../arm-none-eabi/lib/thumb/v7e-m+fp/hard\libc_nano.a(libc_a-strncmp.o)
                0x0800b4f0                strncmp
 .text._sbrk_r  0x0800b514       0x20 C:/ST/STM32CubeIDE_1.18.1/STM32CubeIDE/plugins/com.st.stm32cube.ide.mcu.externaltools.gnu-tools-for-stm32.13.3.rel1.win32_1.0.0.202411081344/tools/bin/../lib/gcc/arm-none-eabi/13.3.1/../../../../arm-none-eabi/lib/thumb/v7e-m+fp/hard\libc_nano.a(libc_a-sbrkr.o)
                0x0800b514                _sbrk_r
 *fill*         0x0800b534        0x4 
 .text.nan      0x0800b538       0x10 C:/ST/STM32CubeIDE_1.18.1/STM32CubeIDE/plugins/com.st.stm32cube.ide.mcu.externaltools.gnu-tools-for-stm32.13.3.rel1.win32_1.0.0.202411081344/tools/bin/../lib/gcc/arm-none-eabi/13.3.1/../../../../arm-none-eabi/lib/thumb/v7e-m+fp/hard\libc_nano.a(libm_a-s_nan.o)
                0x0800b538                nan
 .text.__assert_func
                0x0800b548       0x3c C:/ST/STM32CubeIDE_1.18.1/STM32CubeIDE/plugins/com.st.stm32cube.ide.mcu.externaltools.gnu-tools-for-stm32.13.3.rel1.win32_1.0.0.202411081344/tools/bin/../lib/gcc/arm-none-eabi/13.3.1/../../../../arm-none-eabi/lib/thumb/v7e-m+fp/hard\libc_nano.a(libc_a-assert.o)
                0x0800b548                __assert_func
 .text._calloc_r
                0x0800b584       0x28 C:/ST/STM32CubeIDE_1.18.1/STM32CubeIDE/plugins/com.st.stm32cube.ide.mcu.externaltools.gnu-tools-for-stm32.13.3.rel1.win32_1.0.0.202411081344/tools/bin/../lib/gcc/arm-none-eabi/13.3.1/../../../../arm-none-eabi/lib/thumb/v7e-m+fp/hard\libc_nano.a(libc_a-callocr.o)
                0x0800b584                _calloc_r
 .text.rshift   0x0800b5ac       0xa4 C:/ST/STM32CubeIDE_1.18.1/STM32CubeIDE/plugins/com.st.stm32cube.ide.mcu.externaltools.gnu-tools-for-stm32.13.3.rel1.win32_1.0.0.202411081344/tools/bin/../lib/gcc/arm-none-eabi/13.3.1/../../../../arm-none-eabi/lib/thumb/v7e-m+fp/hard\libc_nano.a(libc_a-gdtoa-gethex.o)
 .text.__hexdig_fun
                0x0800b650       0x2a C:/ST/STM32CubeIDE_1.18.1/STM32CubeIDE/plugins/com.st.stm32cube.ide.mcu.externaltools.gnu-tools-for-stm32.13.3.rel1.win32_1.0.0.202411081344/tools/bin/../lib/gcc/arm-none-eabi/13.3.1/../../../../arm-none-eabi/lib/thumb/v7e-m+fp/hard\libc_nano.a(libc_a-gdtoa-gethex.o)
                0x0800b650                __hexdig_fun
 *fill*         0x0800b67a        0x2 
 .text.__gethex
                0x0800b67c      0x420 C:/ST/STM32CubeIDE_1.18.1/STM32CubeIDE/plugins/com.st.stm32cube.ide.mcu.externaltools.gnu-tools-for-stm32.13.3.rel1.win32_1.0.0.202411081344/tools/bin/../lib/gcc/arm-none-eabi/13.3.1/../../../../arm-none-eabi/lib/thumb/v7e-m+fp/hard\libc_nano.a(libc_a-gdtoa-gethex.o)
                0x0800b67c                __gethex
 .text.L_shift  0x0800ba9c       0x24 C:/ST/STM32CubeIDE_1.18.1/STM32CubeIDE/plugins/com.st.stm32cube.ide.mcu.externaltools.gnu-tools-for-stm32.13.3.rel1.win32_1.0.0.202411081344/tools/bin/../lib/gcc/arm-none-eabi/13.3.1/../../../../arm-none-eabi/lib/thumb/v7e-m+fp/hard\libc_nano.a(libc_a-gdtoa-hexnan.o)
 .text.__match  0x0800bac0       0x28 C:/ST/STM32CubeIDE_1.18.1/STM32CubeIDE/plugins/com.st.stm32cube.ide.mcu.externaltools.gnu-tools-for-stm32.13.3.rel1.win32_1.0.0.202411081344/tools/bin/../lib/gcc/arm-none-eabi/13.3.1/../../../../arm-none-eabi/lib/thumb/v7e-m+fp/hard\libc_nano.a(libc_a-gdtoa-hexnan.o)
                0x0800bac0                __match
 .text.__hexnan
                0x0800bae8      0x136 C:/ST/STM32CubeIDE_1.18.1/STM32CubeIDE/plugins/com.st.stm32cube.ide.mcu.externaltools.gnu-tools-for-stm32.13.3.rel1.win32_1.0.0.202411081344/tools/bin/../lib/gcc/arm-none-eabi/13.3.1/../../../../arm-none-eabi/lib/thumb/v7e-m+fp/hard\libc_nano.a(libc_a-gdtoa-hexnan.o)
                0x0800bae8                __hexnan
 .text.__ascii_mbtowc
                0x0800bc1e       0x24 C:/ST/STM32CubeIDE_1.18.1/STM32CubeIDE/plugins/com.st.stm32cube.ide.mcu.externaltools.gnu-tools-for-stm32.13.3.rel1.win32_1.0.0.202411081344/tools/bin/../lib/gcc/arm-none-eabi/13.3.1/../../../../arm-none-eabi/lib/thumb/v7e-m+fp/hard\libc_nano.a(libc_a-mbtowc_r.o)
                0x0800bc1e                __ascii_mbtowc
 .text._realloc_r
                0x0800bc42       0x5c C:/ST/STM32CubeIDE_1.18.1/STM32CubeIDE/plugins/com.st.stm32cube.ide.mcu.externaltools.gnu-tools-for-stm32.13.3.rel1.win32_1.0.0.202411081344/tools/bin/../lib/gcc/arm-none-eabi/13.3.1/../../../../arm-none-eabi/lib/thumb/v7e-m+fp/hard\libc_nano.a(libc_a-reallocr.o)
                0x0800bc42                _realloc_r
 .text.__ascii_wctomb
                0x0800bc9e       0x1a C:/ST/STM32CubeIDE_1.18.1/STM32CubeIDE/plugins/com.st.stm32cube.ide.mcu.externaltools.gnu-tools-for-stm32.13.3.rel1.win32_1.0.0.202411081344/tools/bin/../lib/gcc/arm-none-eabi/13.3.1/../../../../arm-none-eabi/lib/thumb/v7e-m+fp/hard\libc_nano.a(libc_a-wctomb_r.o)
                0x0800bc9e                __ascii_wctomb
 .text.fprintf  0x0800bcb8       0x24 C:/ST/STM32CubeIDE_1.18.1/STM32CubeIDE/plugins/com.st.stm32cube.ide.mcu.externaltools.gnu-tools-for-stm32.13.3.rel1.win32_1.0.0.202411081344/tools/bin/../lib/gcc/arm-none-eabi/13.3.1/../../../../arm-none-eabi/lib/thumb/v7e-m+fp/hard\libc_nano.a(libc_a-fprintf.o)
                0x0800bcb8                fiprintf
                0x0800bcb8                fprintf
 .text.abort    0x0800bcdc        0xe C:/ST/STM32CubeIDE_1.18.1/STM32CubeIDE/plugins/com.st.stm32cube.ide.mcu.externaltools.gnu-tools-for-stm32.13.3.rel1.win32_1.0.0.202411081344/tools/bin/../lib/gcc/arm-none-eabi/13.3.1/../../../../arm-none-eabi/lib/thumb/v7e-m+fp/hard\libc_nano.a(libc_a-abort.o)
                0x0800bcdc                abort
 .text._malloc_usable_size_r
                0x0800bcea       0x10 C:/ST/STM32CubeIDE_1.18.1/STM32CubeIDE/plugins/com.st.stm32cube.ide.mcu.externaltools.gnu-tools-for-stm32.13.3.rel1.win32_1.0.0.202411081344/tools/bin/../lib/gcc/arm-none-eabi/13.3.1/../../../../arm-none-eabi/lib/thumb/v7e-m+fp/hard\libc_nano.a(libc_a-msizer.o)
                0x0800bcea                _malloc_usable_size_r
 .text.__sfputc_r
                0x0800bcfa       0x2e C:/ST/STM32CubeIDE_1.18.1/STM32CubeIDE/plugins/com.st.stm32cube.ide.mcu.externaltools.gnu-tools-for-stm32.13.3.rel1.win32_1.0.0.202411081344/tools/bin/../lib/gcc/arm-none-eabi/13.3.1/../../../../arm-none-eabi/lib/thumb/v7e-m+fp/hard\libc_nano.a(libc_a-nano-vfprintf.o)
 .text.__sfputs_r
                0x0800bd28       0x24 C:/ST/STM32CubeIDE_1.18.1/STM32CubeIDE/plugins/com.st.stm32cube.ide.mcu.externaltools.gnu-tools-for-stm32.13.3.rel1.win32_1.0.0.202411081344/tools/bin/../lib/gcc/arm-none-eabi/13.3.1/../../../../arm-none-eabi/lib/thumb/v7e-m+fp/hard\libc_nano.a(libc_a-nano-vfprintf.o)
                0x0800bd28                __sfputs_r
 .text._vfprintf_r
                0x0800bd4c      0x230 C:/ST/STM32CubeIDE_1.18.1/STM32CubeIDE/plugins/com.st.stm32cube.ide.mcu.externaltools.gnu-tools-for-stm32.13.3.rel1.win32_1.0.0.202411081344/tools/bin/../lib/gcc/arm-none-eabi/13.3.1/../../../../arm-none-eabi/lib/thumb/v7e-m+fp/hard\libc_nano.a(libc_a-nano-vfprintf.o)
                0x0800bd4c                _vfprintf_r
                0x0800bd4c                _vfiprintf_r
 .text.__swbuf_r
                0x0800bf7c       0x7c C:/ST/STM32CubeIDE_1.18.1/STM32CubeIDE/plugins/com.st.stm32cube.ide.mcu.externaltools.gnu-tools-for-stm32.13.3.rel1.win32_1.0.0.202411081344/tools/bin/../lib/gcc/arm-none-eabi/13.3.1/../../../../arm-none-eabi/lib/thumb/v7e-m+fp/hard\libc_nano.a(libc_a-wbuf.o)
                0x0800bf7c                __swbuf_r
 .text.__swsetup_r
                0x0800bff8       0xac C:/ST/STM32CubeIDE_1.18.1/STM32CubeIDE/plugins/com.st.stm32cube.ide.mcu.externaltools.gnu-tools-for-stm32.13.3.rel1.win32_1.0.0.202411081344/tools/bin/../lib/gcc/arm-none-eabi/13.3.1/../../../../arm-none-eabi/lib/thumb/v7e-m+fp/hard\libc_nano.a(libc_a-wsetup.o)
                0x0800bff8                __swsetup_r
 .text._raise_r
                0x0800c0a4       0x50 C:/ST/STM32CubeIDE_1.18.1/STM32CubeIDE/plugins/com.st.stm32cube.ide.mcu.externaltools.gnu-tools-for-stm32.13.3.rel1.win32_1.0.0.202411081344/tools/bin/../lib/gcc/arm-none-eabi/13.3.1/../../../../arm-none-eabi/lib/thumb/v7e-m+fp/hard\libc_nano.a(libc_a-signal.o)
                0x0800c0a4                _raise_r
 .text.raise    0x0800c0f4       0x10 C:/ST/STM32CubeIDE_1.18.1/STM32CubeIDE/plugins/com.st.stm32cube.ide.mcu.externaltools.gnu-tools-for-stm32.13.3.rel1.win32_1.0.0.202411081344/tools/bin/../lib/gcc/arm-none-eabi/13.3.1/../../../../arm-none-eabi/lib/thumb/v7e-m+fp/hard\libc_nano.a(libc_a-signal.o)
                0x0800c0f4                raise
 .text._kill_r  0x0800c104       0x24 C:/ST/STM32CubeIDE_1.18.1/STM32CubeIDE/plugins/com.st.stm32cube.ide.mcu.externaltools.gnu-tools-for-stm32.13.3.rel1.win32_1.0.0.202411081344/tools/bin/../lib/gcc/arm-none-eabi/13.3.1/../../../../arm-none-eabi/lib/thumb/v7e-m+fp/hard\libc_nano.a(libc_a-signalr.o)
                0x0800c104                _kill_r
 .text._getpid_r
                0x0800c128        0x4 C:/ST/STM32CubeIDE_1.18.1/STM32CubeIDE/plugins/com.st.stm32cube.ide.mcu.externaltools.gnu-tools-for-stm32.13.3.rel1.win32_1.0.0.202411081344/tools/bin/../lib/gcc/arm-none-eabi/13.3.1/../../../../arm-none-eabi/lib/thumb/v7e-m+fp/hard\libc_nano.a(libc_a-signalr.o)
                0x0800c128                _getpid_r
 .text.__swhatbuf_r
                0x0800c12c       0x4c C:/ST/STM32CubeIDE_1.18.1/STM32CubeIDE/plugins/com.st.stm32cube.ide.mcu.externaltools.gnu-tools-for-stm32.13.3.rel1.win32_1.0.0.202411081344/tools/bin/../lib/gcc/arm-none-eabi/13.3.1/../../../../arm-none-eabi/lib/thumb/v7e-m+fp/hard\libc_nano.a(libc_a-makebuf.o)
                0x0800c12c                __swhatbuf_r
 .text.__smakebuf_r
                0x0800c178       0x78 C:/ST/STM32CubeIDE_1.18.1/STM32CubeIDE/plugins/com.st.stm32cube.ide.mcu.externaltools.gnu-tools-for-stm32.13.3.rel1.win32_1.0.0.202411081344/tools/bin/../lib/gcc/arm-none-eabi/13.3.1/../../../../arm-none-eabi/lib/thumb/v7e-m+fp/hard\libc_nano.a(libc_a-makebuf.o)
                0x0800c178                __smakebuf_r
 .text._fstat_r
                0x0800c1f0       0x24 C:/ST/STM32CubeIDE_1.18.1/STM32CubeIDE/plugins/com.st.stm32cube.ide.mcu.externaltools.gnu-tools-for-stm32.13.3.rel1.win32_1.0.0.202411081344/tools/bin/../lib/gcc/arm-none-eabi/13.3.1/../../../../arm-none-eabi/lib/thumb/v7e-m+fp/hard\libc_nano.a(libc_a-fstatr.o)
                0x0800c1f0                _fstat_r
 .text._isatty_r
                0x0800c214       0x20 C:/ST/STM32CubeIDE_1.18.1/STM32CubeIDE/plugins/com.st.stm32cube.ide.mcu.externaltools.gnu-tools-for-stm32.13.3.rel1.win32_1.0.0.202411081344/tools/bin/../lib/gcc/arm-none-eabi/13.3.1/../../../../arm-none-eabi/lib/thumb/v7e-m+fp/hard\libc_nano.a(libc_a-isattyr.o)
                0x0800c214                _isatty_r
 *(.glue_7)
 .glue_7        0x0800c234        0x0 linker stubs
 *(.glue_7t)
 .glue_7t       0x0800c234        0x0 linker stubs
 *(.eh_frame)
 .eh_frame      0x0800c234        0x0 C:/ST/STM32CubeIDE_1.18.1/STM32CubeIDE/plugins/com.st.stm32cube.ide.mcu.externaltools.gnu-tools-for-stm32.13.3.rel1.win32_1.0.0.202411081344/tools/bin/../lib/gcc/arm-none-eabi/13.3.1/thumb/v7e-m+fp/hard/crtbegin.o
 *(.init)
 .init          0x0800c234        0x4 C:/ST/STM32CubeIDE_1.18.1/STM32CubeIDE/plugins/com.st.stm32cube.ide.mcu.externaltools.gnu-tools-for-stm32.13.3.rel1.win32_1.0.0.202411081344/tools/bin/../lib/gcc/arm-none-eabi/13.3.1/thumb/v7e-m+fp/hard/crti.o
                0x0800c234                _init
 .init          0x0800c238        0x8 C:/ST/STM32CubeIDE_1.18.1/STM32CubeIDE/plugins/com.st.stm32cube.ide.mcu.externaltools.gnu-tools-for-stm32.13.3.rel1.win32_1.0.0.202411081344/tools/bin/../lib/gcc/arm-none-eabi/13.3.1/thumb/v7e-m+fp/hard/crtn.o
 *(.fini)
 .fini          0x0800c240        0x4 C:/ST/STM32CubeIDE_1.18.1/STM32CubeIDE/plugins/com.st.stm32cube.ide.mcu.externaltools.gnu-tools-for-stm32.13.3.rel1.win32_1.0.0.202411081344/tools/bin/../lib/gcc/arm-none-eabi/13.3.1/thumb/v7e-m+fp/hard/crti.o
                0x0800c240                _fini
 .fini          0x0800c244        0x8 C:/ST/STM32CubeIDE_1.18.1/STM32CubeIDE/plugins/com.st.stm32cube.ide.mcu.externaltools.gnu-tools-for-stm32.13.3.rel1.win32_1.0.0.202411081344/tools/bin/../lib/gcc/arm-none-eabi/13.3.1/thumb/v7e-m+fp/hard/crtn.o
                0x0800c24c                        . = ALIGN (0x4)
                0x0800c24c                        _etext = .

.vfp11_veneer   0x0800c24c        0x0
 .vfp11_veneer  0x0800c24c        0x0 linker stubs

.v4_bx          0x0800c24c        0x0
 .v4_bx         0x0800c24c        0x0 linker stubs

.iplt           0x0800c24c        0x0
 .iplt          0x0800c24c        0x0 C:/ST/STM32CubeIDE_1.18.1/STM32CubeIDE/plugins/com.st.stm32cube.ide.mcu.externaltools.gnu-tools-for-stm32.13.3.rel1.win32_1.0.0.202411081344/tools/bin/../lib/gcc/arm-none-eabi/13.3.1/thumb/v7e-m+fp/hard/crtbegin.o

.rodata         0x0800c250      0xee4
                0x0800c250                        . = ALIGN (0x4)
 *(.rodata)
 .rodata        0x0800c250      0x169 ./Core/Src/main.o
 *fill*         0x0800c3b9        0x3 
 .rodata        0x0800c3bc       0xa0 ./Drivers/DISPLAY/display.o
 .rodata        0x0800c45c       0x1e ./Drivers/UART/uart.o
 *fill*         0x0800c47a        0x2 
 .rodata        0x0800c47c        0x5 ./Middlewares/Third_Party/FreeRTOS/Source/tasks.o
 *fill*         0x0800c481        0x3 
 .rodata        0x0800c484        0xd ./Middlewares/Third_Party/FreeRTOS/Source/timers.o
 *(.rodata*)
 *fill*         0x0800c491        0x3 
 .rodata.IgnitionTask_attributes
                0x0800c494       0x24 ./Core/Src/main.o
                0x0800c494                IgnitionTask_attributes
 .rodata.EcuTask_attributes
                0x0800c4b8       0x24 ./Core/Src/main.o
                0x0800c4b8                EcuTask_attributes
 .rodata.SensorTask_attributes
                0x0800c4dc       0x24 ./Core/Src/main.o
                0x0800c4dc                SensorTask_attributes
 .rodata.DisplayTask_attributes
                0x0800c500       0x24 ./Core/Src/main.o
                0x0800c500                DisplayTask_attributes
 .rodata.LedTask_attributes
                0x0800c524       0x24 ./Core/Src/main.o
                0x0800c524                LedTask_attributes
 .rodata.UartTask_attributes
                0x0800c548       0x24 ./Core/Src/main.o
                0x0800c548                UartTask_attributes
 .rodata.AHBPrescTable
                0x0800c56c       0x10 ./Core/Src/system_stm32f4xx.o
                0x0800c56c                AHBPrescTable
 .rodata.APBPrescTable
                0x0800c57c        0x8 ./Core/Src/system_stm32f4xx.o
                0x0800c57c                APBPrescTable
 .rodata.GPIO_PortBase
                0x0800c584       0x14 ./Drivers/GPIO/gpio.o
 .rodata.GPIO_ClockBit.0
                0x0800c598        0x5 ./Drivers/GPIO/gpio.o
 *fill*         0x0800c59d        0x3 
 .rodata.Font7x10
                0x0800c5a0      0x76c ./Drivers/ssd1306/fonts.o
                0x0800c5a0                Font7x10
 .rodata._printf_float.str1.1
                0x0800cd0c      0x1d6 C:/ST/STM32CubeIDE_1.18.1/STM32CubeIDE/plugins/com.st.stm32cube.ide.mcu.externaltools.gnu-tools-for-stm32.13.3.rel1.win32_1.0.0.202411081344/tools/bin/../lib/gcc/arm-none-eabi/13.3.1/../../../../arm-none-eabi/lib/thumb/v7e-m+fp/hard\libc_nano.a(libc_a-nano-vfprintf_float.o)
                                 0x12 (size before relaxing)
 .rodata._printf_i.str1.1
                0x0800cee2       0x22 C:/ST/STM32CubeIDE_1.18.1/STM32CubeIDE/plugins/com.st.stm32cube.ide.mcu.externaltools.gnu-tools-for-stm32.13.3.rel1.win32_1.0.0.202411081344/tools/bin/../lib/gcc/arm-none-eabi/13.3.1/../../../../arm-none-eabi/lib/thumb/v7e-m+fp/hard\libc_nano.a(libc_a-nano-vfprintf_i.o)
 .rodata._scanf_float.str1.1
                0x0800cee2        0x6 C:/ST/STM32CubeIDE_1.18.1/STM32CubeIDE/plugins/com.st.stm32cube.ide.mcu.externaltools.gnu-tools-for-stm32.13.3.rel1.win32_1.0.0.202411081344/tools/bin/../lib/gcc/arm-none-eabi/13.3.1/../../../../arm-none-eabi/lib/thumb/v7e-m+fp/hard\libc_nano.a(libc_a-nano-vfscanf_float.o)
 .rodata._dtoa_r.str1.1
                0x0800cee2       0x8f C:/ST/STM32CubeIDE_1.18.1/STM32CubeIDE/plugins/com.st.stm32cube.ide.mcu.externaltools.gnu-tools-for-stm32.13.3.rel1.win32_1.0.0.202411081344/tools/bin/../lib/gcc/arm-none-eabi/13.3.1/../../../../arm-none-eabi/lib/thumb/v7e-m+fp/hard\libc_nano.a(libc_a-dtoa.o)
 .rodata._Balloc.str1.1
                0x0800cee2       0x70 C:/ST/STM32CubeIDE_1.18.1/STM32CubeIDE/plugins/com.st.stm32cube.ide.mcu.externaltools.gnu-tools-for-stm32.13.3.rel1.win32_1.0.0.202411081344/tools/bin/../lib/gcc/arm-none-eabi/13.3.1/../../../../arm-none-eabi/lib/thumb/v7e-m+fp/hard\libc_nano.a(libc_a-mprec.o)
 .rodata.__multadd.str1.1
                0x0800cee2       0x11 C:/ST/STM32CubeIDE_1.18.1/STM32CubeIDE/plugins/com.st.stm32cube.ide.mcu.externaltools.gnu-tools-for-stm32.13.3.rel1.win32_1.0.0.202411081344/tools/bin/../lib/gcc/arm-none-eabi/13.3.1/../../../../arm-none-eabi/lib/thumb/v7e-m+fp/hard\libc_nano.a(libc_a-mprec.o)
 *fill*         0x0800cee2        0x2 
 .rodata.p05.0  0x0800cee4        0xc C:/ST/STM32CubeIDE_1.18.1/STM32CubeIDE/plugins/com.st.stm32cube.ide.mcu.externaltools.gnu-tools-for-stm32.13.3.rel1.win32_1.0.0.202411081344/tools/bin/../lib/gcc/arm-none-eabi/13.3.1/../../../../arm-none-eabi/lib/thumb/v7e-m+fp/hard\libc_nano.a(libc_a-mprec.o)
 .rodata.__mprec_bigtens
                0x0800cef0       0x28 C:/ST/STM32CubeIDE_1.18.1/STM32CubeIDE/plugins/com.st.stm32cube.ide.mcu.externaltools.gnu-tools-for-stm32.13.3.rel1.win32_1.0.0.202411081344/tools/bin/../lib/gcc/arm-none-eabi/13.3.1/../../../../arm-none-eabi/lib/thumb/v7e-m+fp/hard\libc_nano.a(libc_a-mprec.o)
                0x0800cef0                __mprec_bigtens
 .rodata.__mprec_tens
                0x0800cf18       0xc8 C:/ST/STM32CubeIDE_1.18.1/STM32CubeIDE/plugins/com.st.stm32cube.ide.mcu.externaltools.gnu-tools-for-stm32.13.3.rel1.win32_1.0.0.202411081344/tools/bin/../lib/gcc/arm-none-eabi/13.3.1/../../../../arm-none-eabi/lib/thumb/v7e-m+fp/hard\libc_nano.a(libc_a-mprec.o)
                0x0800cf18                __mprec_tens
 .rodata._strtod_l.str1.1
                0x0800cfe0        0xf C:/ST/STM32CubeIDE_1.18.1/STM32CubeIDE/plugins/com.st.stm32cube.ide.mcu.externaltools.gnu-tools-for-stm32.13.3.rel1.win32_1.0.0.202411081344/tools/bin/../lib/gcc/arm-none-eabi/13.3.1/../../../../arm-none-eabi/lib/thumb/v7e-m+fp/hard\libc_nano.a(libc_a-strtod.o)
 .rodata.fpinan.0
                0x0800cfe0       0x14 C:/ST/STM32CubeIDE_1.18.1/STM32CubeIDE/plugins/com.st.stm32cube.ide.mcu.externaltools.gnu-tools-for-stm32.13.3.rel1.win32_1.0.0.202411081344/tools/bin/../lib/gcc/arm-none-eabi/13.3.1/../../../../arm-none-eabi/lib/thumb/v7e-m+fp/hard\libc_nano.a(libc_a-strtod.o)
 .rodata.fpi.1  0x0800cff4       0x14 C:/ST/STM32CubeIDE_1.18.1/STM32CubeIDE/plugins/com.st.stm32cube.ide.mcu.externaltools.gnu-tools-for-stm32.13.3.rel1.win32_1.0.0.202411081344/tools/bin/../lib/gcc/arm-none-eabi/13.3.1/../../../../arm-none-eabi/lib/thumb/v7e-m+fp/hard\libc_nano.a(libc_a-strtod.o)
 .rodata.tinytens
                0x0800d008       0x28 C:/ST/STM32CubeIDE_1.18.1/STM32CubeIDE/plugins/com.st.stm32cube.ide.mcu.externaltools.gnu-tools-for-stm32.13.3.rel1.win32_1.0.0.202411081344/tools/bin/../lib/gcc/arm-none-eabi/13.3.1/../../../../arm-none-eabi/lib/thumb/v7e-m+fp/hard\libc_nano.a(libc_a-strtod.o)
 .rodata._ctype_
                0x0800d030      0x101 C:/ST/STM32CubeIDE_1.18.1/STM32CubeIDE/plugins/com.st.stm32cube.ide.mcu.externaltools.gnu-tools-for-stm32.13.3.rel1.win32_1.0.0.202411081344/tools/bin/../lib/gcc/arm-none-eabi/13.3.1/../../../../arm-none-eabi/lib/thumb/v7e-m+fp/hard\libc_nano.a(libc_a-ctype_.o)
                0x0800d030                _ctype_
 .rodata._svfprintf_r.str1.1
                0x0800d131       0x11 C:/ST/STM32CubeIDE_1.18.1/STM32CubeIDE/plugins/com.st.stm32cube.ide.mcu.externaltools.gnu-tools-for-stm32.13.3.rel1.win32_1.0.0.202411081344/tools/bin/../lib/gcc/arm-none-eabi/13.3.1/../../../../arm-none-eabi/lib/thumb/v7e-m+fp/hard\libc_nano.a(libc_a-nano-svfprintf.o)
 .rodata._setlocale_r.str1.1
                0x0800d131        0x9 C:/ST/STM32CubeIDE_1.18.1/STM32CubeIDE/plugins/com.st.stm32cube.ide.mcu.externaltools.gnu-tools-for-stm32.13.3.rel1.win32_1.0.0.202411081344/tools/bin/../lib/gcc/arm-none-eabi/13.3.1/../../../../arm-none-eabi/lib/thumb/v7e-m+fp/hard\libc_nano.a(libc_a-locale.o)
 .rodata.str1.1
                0x0800d131        0x2 C:/ST/STM32CubeIDE_1.18.1/STM32CubeIDE/plugins/com.st.stm32cube.ide.mcu.externaltools.gnu-tools-for-stm32.13.3.rel1.win32_1.0.0.202411081344/tools/bin/../lib/gcc/arm-none-eabi/13.3.1/../../../../arm-none-eabi/lib/thumb/v7e-m+fp/hard\libc_nano.a(libc_a-locale.o)
 .rodata.__assert_func.str1.1
                0x0800d131       0x3d C:/ST/STM32CubeIDE_1.18.1/STM32CubeIDE/plugins/com.st.stm32cube.ide.mcu.externaltools.gnu-tools-for-stm32.13.3.rel1.win32_1.0.0.202411081344/tools/bin/../lib/gcc/arm-none-eabi/13.3.1/../../../../arm-none-eabi/lib/thumb/v7e-m+fp/hard\libc_nano.a(libc_a-assert.o)
 .rodata.__gethex.str1.1
                0x0800d131       0x73 C:/ST/STM32CubeIDE_1.18.1/STM32CubeIDE/plugins/com.st.stm32cube.ide.mcu.externaltools.gnu-tools-for-stm32.13.3.rel1.win32_1.0.0.202411081344/tools/bin/../lib/gcc/arm-none-eabi/13.3.1/../../../../arm-none-eabi/lib/thumb/v7e-m+fp/hard\libc_nano.a(libc_a-gdtoa-gethex.o)
 .rodata._vfprintf_r.str1.1
                0x0800d131       0x11 C:/ST/STM32CubeIDE_1.18.1/STM32CubeIDE/plugins/com.st.stm32cube.ide.mcu.externaltools.gnu-tools-for-stm32.13.3.rel1.win32_1.0.0.202411081344/tools/bin/../lib/gcc/arm-none-eabi/13.3.1/../../../../arm-none-eabi/lib/thumb/v7e-m+fp/hard\libc_nano.a(libc_a-nano-vfprintf.o)
                0x0800d1a4                        . = ALIGN (0x4)
 *fill*         0x0800d131        0x3 

.ARM.extab      0x0800d134        0x0
                0x0800d134                        . = ALIGN (0x4)
 *(.ARM.extab* .gnu.linkonce.armextab.*)
                0x0800d134                        . = ALIGN (0x4)

.ARM            0x0800d134        0x8
                0x0800d134                        . = ALIGN (0x4)
                0x0800d134                        __exidx_start = .
 *(.ARM.exidx*)
 .ARM.exidx     0x0800d134        0x8 C:/ST/STM32CubeIDE_1.18.1/STM32CubeIDE/plugins/com.st.stm32cube.ide.mcu.externaltools.gnu-tools-for-stm32.13.3.rel1.win32_1.0.0.202411081344/tools/bin/../lib/gcc/arm-none-eabi/13.3.1/../../../../arm-none-eabi/lib/thumb/v7e-m+fp/hard\libc_nano.a(libc_a-memchr.o)
 .ARM.exidx     0x0800d13c        0x0 C:/ST/STM32CubeIDE_1.18.1/STM32CubeIDE/plugins/com.st.stm32cube.ide.mcu.externaltools.gnu-tools-for-stm32.13.3.rel1.win32_1.0.0.202411081344/tools/bin/../lib/gcc/arm-none-eabi/13.3.1/../../../../arm-none-eabi/lib/thumb/v7e-m+fp/hard\libc_nano.a(libc_a-strlen.o)
                                  0x8 (size before relaxing)
 .ARM.exidx     0x0800d13c        0x0 C:/ST/STM32CubeIDE_1.18.1/STM32CubeIDE/plugins/com.st.stm32cube.ide.mcu.externaltools.gnu-tools-for-stm32.13.3.rel1.win32_1.0.0.202411081344/tools/bin/../lib/gcc/arm-none-eabi/13.3.1/thumb/v7e-m+fp/hard\libgcc.a(_udivmoddi4.o)
                                  0x8 (size before relaxing)
                0x0800d13c                        __exidx_end = .
                0x0800d13c                        . = ALIGN (0x4)

.preinit_array  0x0800d13c        0x0
                0x0800d13c                        . = ALIGN (0x4)
                0x0800d13c                        PROVIDE (__preinit_array_start = .)
 *(.preinit_array*)
                0x0800d13c                        PROVIDE (__preinit_array_end = .)
                0x0800d13c                        . = ALIGN (0x4)

.init_array     0x0800d13c        0x4